
26-09-14 20:11:27 [-] LockHandler on root(account 1): access type 'examine' changed from 'examine:perm(Admin)' to 'examine:perm(Admin)' 
LockHandler on root(account 1): access type 'edit' changed from 'edit:perm(Admin)' to 'edit:perm(Admin)' 
LockHandler on root(account 1): access type 'delete' changed from 'delete:perm(Admin)' to 'delete:perm(Admin)' 
LockHandler on root(account 1): access type 'boot' changed from 'boot:perm(Admin)' to 'boot:perm(Admin)' 
LockHandler on root(account 1): access type 'msg' changed from 'msg:all()' to 'msg:all()' 
LockHandler on root(account 1): access type 'noidletimeout' changed from 'noidletimeout:perm(Builder) or perm(noidletimeout)' to 'noidletimeout:perm(Builder) or perm(noidletimeout)'
26-09-14 20:11:27 [-] LockHandler on root(account 1): access type 'examine' changed from 'examine:perm(Admin)' to 'examine:perm(Developer)' 
LockHandler on root(account 1): access type 'edit' changed from 'edit:perm(Admin)' to 'edit:false()' 
LockHandler on root(account 1): access type 'delete' changed from 'delete:perm(Admin)' to 'delete:false()' 
LockHandler on root(account 1): access type 'boot' changed from 'boot:perm(Admin)' to 'boot:false()' 
LockHandler on root(account 1): access type 'msg' changed from 'msg:all()' to 'msg:all()'
26-09-14 20:11:27 [-] LockHandler on root: access type 'get' changed from 'get:all()' to 'get:false()' 
LockHandler on root: access type 'call' changed from 'call:true()' to 'call:false()' 
LockHandler on root: access type 'teleport' changed from 'teleport:true()' to 'teleport:perm(Admin)' 
LockHandler on root: access type 'teleport_here' changed from 'teleport_here:true()' to 'teleport_here:perm(Admin)'
26-09-14 20:11:27 [-] LockHandler on root: access type 'puppet' changed from 'puppet:pperm(Developer)' to 'puppet:pid(1) or id(root) or perm(Developer) or pperm(Developer)' 
LockHandler on root: access type 'delete' changed from 'delete:perm(Admin)' to 'delete:pid(1) or perm(Admin)' 
LockHandler on root: access type 'edit' changed from 'edit:perm(Admin)' to 'edit:pid(1) or perm(Admin)'
26-09-14 20:11:27 [-] LockHandler on root: access type 'puppet' changed from 'puppet:pid(1) or id(root) or perm(Developer) or pperm(Developer)' to 'puppet:id(1) or pid(1) or perm(Developer) or pperm(Developer)' 
LockHandler on root: access type 'delete' changed from 'delete:pid(1) or perm(Admin)' to 'delete:id(1) or perm(Admin)'
26-09-14 20:11:27 [-] LockHandler on root: access type 'puppet' changed from 'puppet:id(1) or pid(1) or perm(Developer) or pperm(Developer)' to 'puppet:owns_character() or perm(Developer) or pperm(Developer)' 
LockHandler on root: access type 'edit' changed from 'edit:pid(1) or perm(Admin)' to 'edit:owns_character() or perm(Admin)' 
LockHandler on root: access type 'delete' changed from 'delete:id(1) or perm(Admin)' to 'delete:owns_character() or perm(Admin)'
26-09-14 20:11:27 [-] LockHandler on root: access type 'examine' changed from 'examine:perm(Builder)' to 'examine:perm(Developer)' 
LockHandler on root: access type 'edit' changed from 'edit:owns_character() or perm(Admin)' to 'edit:false()' 
LockHandler on root: access type 'delete' changed from 'delete:owns_character() or perm(Admin)' to 'delete:false()' 
LockHandler on root: access type 'puppet' changed from 'puppet:owns_character() or perm(Developer) or pperm(Developer)' to 'puppet:false()'
26-09-14 20:11:27 [-] LockHandler on Limbo: access type 'get' changed from 'get:all()' to 'get:false()' 
LockHandler on Limbo: access type 'puppet' changed from 'puppet:pperm(Developer)' to 'puppet:false()' 
LockHandler on Limbo: access type 'teleport' changed from 'teleport:true()' to 'teleport:false()' 
LockHandler on Limbo: access type 'teleport_here' changed from 'teleport_here:true()' to 'teleport_here:true()'
26-09-14 20:11:27 [-] LockHandler on Channel 'MudInfo' (None): access type 'control' changed from 'control:perm(Admin)' to 'control:perm(Developer)' 
LockHandler on Channel 'MudInfo' (None): access type 'listen' changed from 'listen:all()' to 'listen:perm(Admin)' 
LockHandler on Channel 'MudInfo' (None): access type 'send' changed from 'send:all()' to 'send:false()'
26-09-14 20:11:27 [-] LockHandler on Channel 'Public' (None): access type 'control' changed from 'control:perm(Admin)' to 'control:perm(Admin)' 
LockHandler on Channel 'Public' (None): access type 'listen' changed from 'listen:all()' to 'listen:all()' 
LockHandler on Channel 'Public' (None): access type 'send' changed from 'send:all()' to 'send:all()'