2026-09-14 20:11:27 [..] Loaded.
2026-09-14 20:11:24 [..] Loading /Users/timbaird/Documents/fcm-umbrella/src/venv/lib/python3.13/site-packages/evennia/server/server.py...
2026-09-14 20:11:27 [..] Loaded.
2026-09-14 20:11:27 [..] twistd 24.11.0 (/Users/timbaird/Documents/fcm-umbrella/src/venv/bin/python3.13 3.13.5) starting up.
2026-09-14 20:11:27 [..] reactor class: twisted.internet.selectreactor.SelectReactor.
2026-09-14 20:11:27 [..] Webserver starting on 4035
2026-09-14 20:11:27 [..] Initial setup: Creating objects (Account #1 and Limbo room) ...
2026-09-14 20:11:27 [SS] Character Created: root (Caller: root(account 1), IP: None).
2026-09-14 20:11:27 [..] Initial setup: Running at_initial_setup() hook.
2026-09-14 20:11:27 [..] Initial setup: Gathering static resources using 'collectstatic'
2026-09-14 20:11:27 [..] 0 static files copied to '/Users/timbaird/Documents/fcm-umbrella/src/shard1/server/.static', 208 unmodified.
2026-09-14 20:11:27 [..] Initial setup complete. Restarting Server once.
2026-09-14 20:11:27 [..] Evennia Server successfully started.
2026-09-14 20:11:28 [..] Server disconnected from the portal.
2026-09-14 20:11:28 [..] Main loop terminated.
2026-09-14 20:11:28 [..] Server Shut Down.
2026-09-14 20:11:31 [..] Loaded.
2026-09-14 20:11:28 [..] Loading /Users/timbaird/Documents/fcm-umbrella/src/venv/lib/python3.13/site-packages/evennia/server/server.py...
2026-09-14 20:11:31 [..] Loaded.
2026-09-14 20:11:31 [..] twistd 24.11.0 (/Users/timbaird/Documents/fcm-umbrella/src/venv/bin/python3.13 3.13.5) starting up.
2026-09-14 20:11:31 [..] reactor class: twisted.internet.selectreactor.SelectReactor.
2026-09-14 20:11:31 [..] Webserver starting on 4035
2026-09-14 20:11:31 [..] Evennia Server successfully restarted in 'reset' mode.
2026-09-14 20:11:54 [..] Server disconnected from the portal.
2026-09-14 20:11:54 [..] Main loop terminated.
2026-09-14 20:11:54 [..] Server Shut Down.
2026-09-14 20:12:58 [..] Loaded.
2026-09-14 20:12:55 [..] Loading /Users/timbaird/Documents/fcm-umbrella/src/venv/lib/python3.13/site-packages/evennia/server/server.py...
2026-09-14 20:12:58 [..] Loaded.
2026-09-14 20:12:58 [..] twistd 24.11.0 (/Users/timbaird/Documents/fcm-umbrella/src/venv/bin/python3.13 3.13.5) starting up.
2026-09-14 20:12:58 [..] reactor class: twisted.internet.selectreactor.SelectReactor.
2026-09-14 20:12:58 [..] Webserver starting on 4035
2026-09-14 20:21:58 [WW] Warning: Idmapper flush called more than once in 5.0 min interval. Check memory usage.
2026-09-14 20:24:58 [..] Server disconnected from the portal.
2026-09-14 20:24:59 [..] Attempting to reconnect to Portal ...
2026-09-14 20:25:01 [..] Attempting to reconnect to Portal ...
2026-09-14 20:25:03 [..] Attempting to reconnect to Portal ...
2026-09-14 20:25:07 [..] Attempting to reconnect to Portal ...
2026-09-14 20:25:12 [..] Attempting to reconnect to Portal ...
2026-09-14 20:25:20 [..] Attempting to reconnect to Portal ...
2026-09-14 20:25:30 [..] Attempting to reconnect to Portal ...
2026-09-14 20:25:39 [..] Attempting to reconnect to Portal ...
2026-09-14 20:25:48 [..] Attempting to reconnect to Portal ...
2026-09-14 20:26:01 [..] Attempting to reconnect to Portal ...
2026-09-14 20:26:12 [..] Attempting to reconnect to Portal ...
2026-09-14 20:26:23 [..] Attempting to reconnect to Portal ...
2026-09-14 20:26:33 [..] Attempting to reconnect to Portal ...
2026-09-14 20:26:43 [..] Attempting to reconnect to Portal ...
2026-09-14 20:26:53 [..] Attempting to reconnect to Portal ...
2026-09-14 20:27:05 [..] Attempting to reconnect to Portal ...
2026-09-14 20:27:14 [..] Attempting to reconnect to Portal ...
2026-09-14 20:27:26 [..] Attempting to reconnect to Portal ...
2026-09-14 20:27:36 [..] Attempting to reconnect to Portal ...
2026-09-14 20:27:47 [..] Attempting to reconnect to Portal ...
2026-09-14 20:27:55 [..] Attempting to reconnect to Portal ...
2026-09-14 20:28:05 [..] Attempting to reconnect to Portal ...
2026-09-14 20:28:15 [..] Attempting to reconnect to Portal ...
2026-09-14 20:28:26 [..] Attempting to reconnect to Portal ...
2026-09-14 20:28:38 [..] Attempting to reconnect to Portal ...
2026-09-14 20:28:47 [..] Attempting to reconnect to Portal ...
2026-09-14 20:28:57 [..] Attempting to reconnect to Portal ...
2026-09-14 20:29:07 [..] Attempting to reconnect to Portal ...
2026-09-14 20:29:15 [..] Attempting to reconnect to Portal ...
2026-09-14 20:29:26 [..] Attempting to reconnect to Portal ...
2026-09-14 20:29:37 [..] Attempting to reconnect to Portal ...
2026-09-14 20:29:46 [..] Attempting to reconnect to Portal ...
2026-09-14 20:29:55 [..] Attempting to reconnect to Portal ...
2026-09-14 20:30:06 [..] Attempting to reconnect to Portal ...
2026-09-14 20:30:15 [..] Attempting to reconnect to Portal ...
2026-09-14 20:30:24 [..] Attempting to reconnect to Portal ...
2026-09-14 20:30:32 [..] Attempting to reconnect to Portal ...
2026-09-14 20:30:41 [..] Attempting to reconnect to Portal ...
2026-09-14 20:30:51 [..] Attempting to reconnect to Portal ...
2026-09-14 20:31:02 [..] Attempting to reconnect to Portal ...
2026-09-14 20:31:13 [..] Attempting to reconnect to Portal ...
2026-09-14 20:31:25 [..] Attempting to reconnect to Portal ...
2026-09-14 20:31:36 [..] Attempting to reconnect to Portal ...
2026-09-14 20:31:44 [..] Attempting to reconnect to Portal ...
2026-09-14 20:31:55 [..] Attempting to reconnect to Portal ...
2026-09-14 20:32:06 [..] Attempting to reconnect to Portal ...
2026-09-14 20:32:16 [..] Attempting to reconnect to Portal ...
2026-09-14 20:32:26 [..] Attempting to reconnect to Portal ...
2026-09-14 20:32:36 [..] Attempting to reconnect to Portal ...
2026-09-14 20:32:45 [..] Attempting to reconnect to Portal ...
2026-09-14 20:32:55 [..] Attempting to reconnect to Portal ...
2026-09-14 20:33:05 [..] Attempting to reconnect to Portal ...
2026-09-14 20:33:16 [..] Attempting to reconnect to Portal ...
2026-09-14 20:33:25 [..] Attempting to reconnect to Portal ...
2026-09-14 20:33:36 [..] Attempting to reconnect to Portal ...
2026-09-14 20:33:47 [..] Attempting to reconnect to Portal ...
2026-09-14 20:33:57 [..] Attempting to reconnect to Portal ...
2026-09-14 20:34:07 [..] Attempting to reconnect to Portal ...
2026-09-14 20:34:17 [..] Attempting to reconnect to Portal ...
2026-09-14 20:34:24 [..] Attempting to reconnect to Portal ...
2026-09-14 20:34:32 [..] Attempting to reconnect to Portal ...
2026-09-14 20:34:43 [..] Attempting to reconnect to Portal ...
2026-09-14 20:34:52 [..] Attempting to reconnect to Portal ...
2026-09-14 20:35:00 [..] Attempting to reconnect to Portal ...
2026-09-14 20:35:09 [..] Attempting to reconnect to Portal ...
2026-09-14 20:35:17 [..] Attempting to reconnect to Portal ...
2026-09-14 20:35:29 [..] Attempting to reconnect to Portal ...
2026-09-14 20:35:37 [..] Attempting to reconnect to Portal ...
2026-09-14 20:35:49 [..] Attempting to reconnect to Portal ...
2026-09-14 20:36:00 [..] Attempting to reconnect to Portal ...
2026-09-14 20:36:09 [..] Attempting to reconnect to Portal ...
2026-09-14 20:36:19 [..] Attempting to reconnect to Portal ...
2026-09-14 20:36:30 [..] Attempting to reconnect to Portal ...
2026-09-14 20:36:37 [..] Attempting to reconnect to Portal ...
2026-09-14 20:36:46 [..] Attempting to reconnect to Portal ...
2026-09-14 20:36:56 [..] Attempting to reconnect to Portal ...
2026-09-14 20:37:06 [..] Attempting to reconnect to Portal ...
2026-09-14 20:37:17 [..] Attempting to reconnect to Portal ...
2026-09-14 20:37:27 [..] Attempting to reconnect to Portal ...
2026-09-14 20:37:35 [..] Attempting to reconnect to Portal ...
2026-09-14 20:37:48 [..] Attempting to reconnect to Portal ...
2026-09-14 20:37:59 [..] Attempting to reconnect to Portal ...
2026-09-14 20:38:09 [..] Attempting to reconnect to Portal ...
2026-09-14 20:38:18 [..] Attempting to reconnect to Portal ...
2026-09-14 20:38:28 [..] Attempting to reconnect to Portal ...
2026-09-14 20:38:38 [..] Attempting to reconnect to Portal ...
2026-09-14 20:38:48 [..] Attempting to reconnect to Portal ...
2026-09-14 20:38:55 [..] Attempting to reconnect to Portal ...
2026-09-14 20:39:04 [..] Attempting to reconnect to Portal ...
2026-09-14 20:39:16 [..] Attempting to reconnect to Portal ...
2026-09-14 20:39:26 [..] Attempting to reconnect to Portal ...
2026-09-14 20:39:34 [..] Attempting to reconnect to Portal ...
2026-09-14 20:39:44 [..] Attempting to reconnect to Portal ...
2026-09-14 20:39:54 [..] Attempting to reconnect to Portal ...
2026-09-14 20:40:03 [..] Attempting to reconnect to Portal ...
2026-09-14 20:40:15 [..] Attempting to reconnect to Portal ...
2026-09-14 20:40:25 [..] Attempting to reconnect to Portal ...
2026-09-14 20:40:36 [..] Attempting to reconnect to Portal ...
2026-09-14 20:40:46 [..] Attempting to reconnect to Portal ...
2026-09-14 20:40:54 [..] Attempting to reconnect to Portal ...
2026-09-14 20:41:03 [..] Attempting to reconnect to Portal ...
2026-09-14 20:41:13 [..] Attempting to reconnect to Portal ...
2026-09-14 20:41:22 [..] Attempting to reconnect to Portal ...
2026-09-14 20:41:32 [..] Attempting to reconnect to Portal ...
2026-09-14 20:41:42 [..] Attempting to reconnect to Portal ...
2026-09-14 20:41:49 [..] Attempting to reconnect to Portal ...
2026-09-14 20:41:59 [..] Attempting to reconnect to Portal ...
2026-09-14 20:42:10 [..] Attempting to reconnect to Portal ...
2026-09-14 20:42:20 [..] Attempting to reconnect to Portal ...
2026-09-14 20:42:30 [..] Attempting to reconnect to Portal ...
2026-09-14 20:42:38 [..] Attempting to reconnect to Portal ...
2026-09-14 20:42:48 [..] Attempting to reconnect to Portal ...
2026-09-14 20:42:58 [..] Attempting to reconnect to Portal ...
2026-09-14 20:43:07 [..] Attempting to reconnect to Portal ...
2026-09-14 20:43:17 [..] Attempting to reconnect to Portal ...
2026-09-14 20:43:26 [..] Attempting to reconnect to Portal ...
2026-09-14 20:43:38 [..] Attempting to reconnect to Portal ...
2026-09-14 20:43:47 [..] Attempting to reconnect to Portal ...
2026-09-14 20:43:57 [..] Attempting to reconnect to Portal ...
2026-09-14 20:44:06 [..] Attempting to reconnect to Portal ...
2026-09-14 20:44:15 [..] Attempting to reconnect to Portal ...
2026-09-14 20:44:25 [..] Attempting to reconnect to Portal ...
2026-09-14 20:44:36 [..] Attempting to reconnect to Portal ...
2026-09-14 20:44:46 [..] Attempting to reconnect to Portal ...
2026-09-14 20:44:55 [..] Attempting to reconnect to Portal ...
2026-09-14 20:45:05 [..] Attempting to reconnect to Portal ...
2026-09-14 20:45:14 [..] Attempting to reconnect to Portal ...
2026-09-14 20:45:25 [..] Attempting to reconnect to Portal ...
2026-09-14 20:45:34 [..] Attempting to reconnect to Portal ...
2026-09-14 20:45:44 [..] Attempting to reconnect to Portal ...
2026-09-14 20:45:54 [..] Attempting to reconnect to Portal ...
2026-09-14 20:46:06 [..] Attempting to reconnect to Portal ...
2026-09-14 20:46:16 [..] Attempting to reconnect to Portal ...
2026-09-14 20:46:26 [..] Attempting to reconnect to Portal ...
2026-09-14 20:46:36 [..] Attempting to reconnect to Portal ...
2026-09-14 20:46:46 [..] Attempting to reconnect to Portal ...
2026-09-14 20:46:57 [..] Attempting to reconnect to Portal ...
2026-09-14 20:47:08 [..] Attempting to reconnect to Portal ...
2026-09-14 20:47:16 [..] Attempting to reconnect to Portal ...
2026-09-14 20:47:25 [..] Attempting to reconnect to Portal ...
2026-09-14 20:47:35 [..] Attempting to reconnect to Portal ...
2026-09-14 20:47:46 [..] Attempting to reconnect to Portal ...
2026-09-14 20:47:56 [..] Attempting to reconnect to Portal ...
2026-09-14 20:48:06 [..] Attempting to reconnect to Portal ...
2026-09-14 20:48:15 [..] Attempting to reconnect to Portal ...
2026-09-14 20:48:27 [..] Attempting to reconnect to Portal ...
2026-09-14 20:48:37 [..] Attempting to reconnect to Portal ...
2026-09-14 20:48:46 [..] Attempting to reconnect to Portal ...
2026-09-14 20:48:57 [..] Attempting to reconnect to Portal ...
2026-09-14 20:49:04 [..] Attempting to reconnect to Portal ...
2026-09-14 20:49:14 [..] Attempting to reconnect to Portal ...
2026-09-14 20:49:22 [..] Attempting to reconnect to Portal ...
2026-09-14 20:49:30 [..] Attempting to reconnect to Portal ...
2026-09-14 20:49:43 [..] Attempting to reconnect to Portal ...
2026-09-14 20:49:53 [..] Attempting to reconnect to Portal ...
2026-09-14 20:50:02 [..] Attempting to reconnect to Portal ...
2026-09-14 20:50:12 [..] Attempting to reconnect to Portal ...
2026-09-14 20:50:23 [..] Attempting to reconnect to Portal ...
2026-09-14 20:50:33 [..] Attempting to reconnect to Portal ...
2026-09-14 20:50:43 [..] Attempting to reconnect to Portal ...
2026-09-14 20:50:53 [..] Attempting to reconnect to Portal ...
2026-09-14 20:51:01 [..] Attempting to reconnect to Portal ...
2026-09-14 20:51:11 [..] Attempting to reconnect to Portal ...
2026-09-14 20:51:21 [..] Attempting to reconnect to Portal ...
2026-09-14 20:51:32 [..] Attempting to reconnect to Portal ...
2026-09-14 20:51:42 [..] Attempting to reconnect to Portal ...
2026-09-14 20:51:53 [..] Attempting to reconnect to Portal ...
2026-09-14 20:52:03 [..] Attempting to reconnect to Portal ...
2026-09-14 20:52:12 [..] Attempting to reconnect to Portal ...
2026-09-14 20:52:20 [..] Attempting to reconnect to Portal ...
2026-09-14 20:52:30 [..] Attempting to reconnect to Portal ...
2026-09-14 20:52:39 [..] Attempting to reconnect to Portal ...
2026-09-14 20:52:48 [..] Attempting to reconnect to Portal ...
2026-09-14 20:52:55 [..] Attempting to reconnect to Portal ...
2026-09-14 20:53:07 [..] Attempting to reconnect to Portal ...
2026-09-14 20:53:16 [..] Attempting to reconnect to Portal ...
2026-09-14 20:53:25 [..] Attempting to reconnect to Portal ...
2026-09-14 20:53:35 [..] Attempting to reconnect to Portal ...
2026-09-14 20:53:45 [..] Attempting to reconnect to Portal ...
2026-09-14 20:53:54 [..] Attempting to reconnect to Portal ...
2026-09-14 20:54:03 [..] Attempting to reconnect to Portal ...
2026-09-14 20:54:14 [..] Attempting to reconnect to Portal ...
2026-09-14 20:54:25 [..] Attempting to reconnect to Portal ...
2026-09-14 20:54:36 [..] Attempting to reconnect to Portal ...
2026-09-14 20:54:46 [..] Attempting to reconnect to Portal ...
2026-09-14 20:54:56 [..] Attempting to reconnect to Portal ...
2026-09-14 20:55:05 [..] Attempting to reconnect to Portal ...
2026-09-14 20:55:15 [..] Attempting to reconnect to Portal ...
2026-09-14 20:55:25 [..] Attempting to reconnect to Portal ...
2026-09-14 20:55:35 [..] Attempting to reconnect to Portal ...
2026-09-14 20:55:44 [..] Attempting to reconnect to Portal ...
2026-09-14 20:55:52 [..] Attempting to reconnect to Portal ...
2026-09-14 20:56:03 [..] Attempting to reconnect to Portal ...
2026-09-14 20:56:13 [..] Attempting to reconnect to Portal ...
2026-09-14 20:56:22 [..] Attempting to reconnect to Portal ...
2026-09-14 20:56:32 [..] Attempting to reconnect to Portal ...
2026-09-14 20:56:44 [..] Attempting to reconnect to Portal ...
2026-09-14 20:56:54 [..] Attempting to reconnect to Portal ...
2026-09-14 20:57:03 [..] Attempting to reconnect to Portal ...
2026-09-14 20:57:13 [..] Attempting to reconnect to Portal ...
2026-09-14 20:57:22 [..] Attempting to reconnect to Portal ...
2026-09-14 20:57:32 [..] Attempting to reconnect to Portal ...
2026-09-14 20:57:43 [..] Attempting to reconnect to Portal ...
2026-09-14 20:57:52 [..] Attempting to reconnect to Portal ...
2026-09-14 20:58:02 [..] Attempting to reconnect to Portal ...
2026-09-14 20:58:10 [..] Attempting to reconnect to Portal ...
2026-09-14 20:58:20 [..] Attempting to reconnect to Portal ...
2026-09-14 20:58:29 [..] Attempting to reconnect to Portal ...
2026-09-14 20:58:39 [..] Attempting to reconnect to Portal ...
2026-09-14 20:58:49 [..] Attempting to reconnect to Portal ...
2026-09-14 20:58:58 [..] Attempting to reconnect to Portal ...
2026-09-14 20:59:10 [..] Attempting to reconnect to Portal ...
2026-09-14 20:59:21 [..] Attempting to reconnect to Portal ...
2026-09-14 20:59:31 [..] Attempting to reconnect to Portal ...
2026-09-14 20:59:40 [..] Attempting to reconnect to Portal ...
2026-09-14 20:59:50 [..] Attempting to reconnect to Portal ...
2026-09-14 21:00:00 [..] Attempting to reconnect to Portal ...
2026-09-14 21:00:10 [..] Attempting to reconnect to Portal ...
2026-09-14 21:00:20 [..] Attempting to reconnect to Portal ...
2026-09-14 21:00:29 [..] Attempting to reconnect to Portal ...
2026-09-14 21:00:40 [..] Attempting to reconnect to Portal ...
2026-09-14 21:00:50 [..] Attempting to reconnect to Portal ...
2026-09-14 21:00:59 [..] Attempting to reconnect to Portal ...
2026-09-14 21:01:11 [..] Attempting to reconnect to Portal ...
2026-09-14 21:01:21 [..] Attempting to reconnect to Portal ...
2026-09-14 21:01:30 [..] Attempting to reconnect to Portal ...
2026-09-14 21:01:41 [..] Attempting to reconnect to Portal ...
2026-09-14 21:01:51 [..] Attempting to reconnect to Portal ...
2026-09-14 21:02:00 [..] Attempting to reconnect to Portal ...
2026-09-14 21:02:09 [..] Attempting to reconnect to Portal ...
2026-09-14 21:02:20 [..] Attempting to reconnect to Portal ...
2026-09-14 21:02:31 [..] Attempting to reconnect to Portal ...
2026-09-14 21:02:42 [..] Attempting to reconnect to Portal ...
2026-09-14 21:02:52 [..] Attempting to reconnect to Portal ...
2026-09-14 21:03:04 [..] Attempting to reconnect to Portal ...
2026-09-14 21:03:14 [..] Attempting to reconnect to Portal ...
2026-09-14 21:03:24 [..] Attempting to reconnect to Portal ...
2026-09-14 21:03:34 [..] Attempting to reconnect to Portal ...
2026-09-14 21:03:43 [..] Attempting to reconnect to Portal ...
2026-09-14 21:03:53 [..] Attempting to reconnect to Portal ...
2026-09-14 21:04:03 [..] Attempting to reconnect to Portal ...
2026-09-14 21:04:13 [..] Attempting to reconnect to Portal ...
2026-09-14 21:04:23 [..] Attempting to reconnect to Portal ...
2026-09-14 21:04:33 [..] Attempting to reconnect to Portal ...
2026-09-14 21:04:42 [..] Attempting to reconnect to Portal ...
2026-09-14 21:04:52 [..] Attempting to reconnect to Portal ...
2026-09-14 21:05:03 [..] Attempting to reconnect to Portal ...
2026-09-14 21:05:14 [..] Attempting to reconnect to Portal ...
2026-09-14 21:05:26 [..] Attempting to reconnect to Portal ...
2026-09-14 21:05:36 [..] Attempting to reconnect to Portal ...
2026-09-14 21:05:42 [..] Attempting to reconnect to Portal ...
2026-09-14 21:05:53 [..] Attempting to reconnect to Portal ...
2026-09-14 21:06:03 [..] Attempting to reconnect to Portal ...
2026-09-14 21:06:12 [..] Attempting to reconnect to Portal ...
2026-09-14 21:06:21 [..] Attempting to reconnect to Portal ...
2026-09-14 21:06:28 [..] Attempting to reconnect to Portal ...
2026-09-14 21:06:39 [..] Attempting to reconnect to Portal ...
2026-09-14 21:06:48 [..] Attempting to reconnect to Portal ...
2026-09-14 21:07:01 [..] Attempting to reconnect to Portal ...
2026-09-14 21:07:09 [..] Attempting to reconnect to Portal ...
2026-09-14 21:07:19 [..] Attempting to reconnect to Portal ...
2026-09-14 21:07:29 [..] Attempting to reconnect to Portal ...
2026-09-14 21:07:38 [..] Attempting to reconnect to Portal ...
2026-09-14 21:07:50 [..] Attempting to reconnect to Portal ...
2026-09-14 21:08:00 [..] Attempting to reconnect to Portal ...
2026-09-14 21:08:07 [..] Attempting to reconnect to Portal ...
2026-09-14 21:08:18 [..] Attempting to reconnect to Portal ...
2026-09-14 21:08:28 [..] Attempting to reconnect to Portal ...
2026-09-14 21:08:40 [..] Attempting to reconnect to Portal ...
2026-09-14 21:08:50 [..] Attempting to reconnect to Portal ...
2026-09-14 21:08:58 [..] Attempting to reconnect to Portal ...
2026-09-14 21:09:07 [..] Attempting to reconnect to Portal ...
2026-09-14 21:09:19 [..] Attempting to reconnect to Portal ...
2026-09-14 21:09:31 [..] Attempting to reconnect to Portal ...
2026-09-14 21:09:41 [..] Attempting to reconnect to Portal ...
2026-09-14 21:09:50 [..] Attempting to reconnect to Portal ...
2026-09-14 21:10:02 [..] Attempting to reconnect to Portal ...
2026-09-14 21:10:13 [..] Attempting to reconnect to Portal ...
2026-09-14 21:10:21 [..] Attempting to reconnect to Portal ...
2026-09-14 21:10:31 [..] Attempting to reconnect to Portal ...
2026-09-14 21:10:43 [..] Attempting to reconnect to Portal ...
2026-09-14 21:10:52 [..] Attempting to reconnect to Portal ...
2026-09-14 21:11:01 [..] Attempting to reconnect to Portal ...
2026-09-14 21:11:12 [..] Attempting to reconnect to Portal ...
2026-09-14 21:11:21 [..] Attempting to reconnect to Portal ...
2026-09-14 21:11:29 [..] Attempting to reconnect to Portal ...
2026-09-14 21:11:40 [..] Attempting to reconnect to Portal ...
2026-09-14 21:11:48 [..] Attempting to reconnect to Portal ...
2026-09-14 21:11:58 [..] Attempting to reconnect to Portal ...
2026-09-14 21:12:07 [..] Attempting to reconnect to Portal ...
2026-09-14 21:12:18 [..] Attempting to reconnect to Portal ...
2026-09-14 21:12:30 [..] Attempting to reconnect to Portal ...
2026-09-14 21:12:38 [..] Attempting to reconnect to Portal ...
2026-09-14 21:12:49 [..] Attempting to reconnect to Portal ...
2026-09-14 21:13:00 [..] Attempting to reconnect to Portal ...
2026-09-14 21:13:10 [..] Attempting to reconnect to Portal ...
2026-09-14 21:13:18 [..] Attempting to reconnect to Portal ...
2026-09-14 21:13:27 [..] Attempting to reconnect to Portal ...
2026-09-14 21:13:36 [..] Attempting to reconnect to Portal ...
2026-09-14 21:13:45 [..] Attempting to reconnect to Portal ...
2026-09-14 21:13:56 [..] Attempting to reconnect to Portal ...
2026-09-14 21:14:05 [..] Attempting to reconnect to Portal ...
2026-09-14 21:14:16 [..] Attempting to reconnect to Portal ...
2026-09-14 21:14:26 [..] Attempting to reconnect to Portal ...
2026-09-14 21:14:36 [..] Attempting to reconnect to Portal ...
2026-09-14 21:14:47 [..] Attempting to reconnect to Portal ...
2026-09-14 21:14:56 [..] Attempting to reconnect to Portal ...
2026-09-14 21:15:07 [..] Attempting to reconnect to Portal ...
2026-09-14 21:15:16 [..] Attempting to reconnect to Portal ...
2026-09-14 21:15:28 [..] Attempting to reconnect to Portal ...
2026-09-14 21:15:36 [..] Attempting to reconnect to Portal ...
2026-09-14 21:15:44 [..] Attempting to reconnect to Portal ...
2026-09-14 21:15:56 [..] Attempting to reconnect to Portal ...
2026-09-14 21:16:04 [..] Attempting to reconnect to Portal ...
2026-09-14 21:16:15 [..] Attempting to reconnect to Portal ...
2026-09-14 21:16:26 [..] Attempting to reconnect to Portal ...
2026-09-14 21:16:33 [..] Attempting to reconnect to Portal ...
2026-09-14 21:16:43 [..] Attempting to reconnect to Portal ...
2026-09-14 21:16:53 [..] Attempting to reconnect to Portal ...
2026-09-14 21:17:01 [..] Attempting to reconnect to Portal ...
2026-09-14 21:17:13 [..] Attempting to reconnect to Portal ...
2026-09-14 21:17:21 [..] Attempting to reconnect to Portal ...
2026-09-14 21:17:32 [..] Attempting to reconnect to Portal ...
2026-09-14 21:17:42 [..] Attempting to reconnect to Portal ...
2026-09-14 21:17:52 [..] Attempting to reconnect to Portal ...
2026-09-14 21:18:01 [..] Attempting to reconnect to Portal ...
2026-09-14 21:18:11 [..] Attempting to reconnect to Portal ...
2026-09-14 21:18:21 [..] Attempting to reconnect to Portal ...
2026-09-14 21:18:31 [..] Attempting to reconnect to Portal ...
2026-09-14 21:18:42 [..] Attempting to reconnect to Portal ...
2026-09-14 21:18:51 [..] Attempting to reconnect to Portal ...
2026-09-14 21:18:59 [..] Attempting to reconnect to Portal ...
2026-09-14 21:19:09 [..] Attempting to reconnect to Portal ...
2026-09-14 21:19:19 [..] Attempting to reconnect to Portal ...
2026-09-14 21:19:29 [..] Attempting to reconnect to Portal ...
2026-09-14 21:19:39 [..] Attempting to reconnect to Portal ...
2026-09-14 21:19:49 [..] Attempting to reconnect to Portal ...
2026-09-14 21:19:59 [..] Attempting to reconnect to Portal ...
2026-09-14 21:20:09 [..] Attempting to reconnect to Portal ...
2026-09-14 21:20:19 [..] Attempting to reconnect to Portal ...
2026-09-14 21:20:29 [..] Attempting to reconnect to Portal ...
2026-09-14 21:20:40 [..] Attempting to reconnect to Portal ...
2026-09-14 21:20:48 [..] Attempting to reconnect to Portal ...
2026-09-14 21:20:58 [..] Attempting to reconnect to Portal ...
2026-09-14 21:21:09 [..] Attempting to reconnect to Portal ...
2026-09-14 21:21:16 [..] Attempting to reconnect to Portal ...
2026-09-14 21:21:27 [..] Attempting to reconnect to Portal ...
2026-09-14 21:21:37 [..] Attempting to reconnect to Portal ...
2026-09-14 21:21:46 [..] Attempting to reconnect to Portal ...
2026-09-14 21:21:56 [..] Attempting to reconnect to Portal ...
2026-09-14 21:22:06 [..] Attempting to reconnect to Portal ...
2026-09-14 21:22:16 [..] Attempting to reconnect to Portal ...
2026-09-14 21:22:26 [..] Attempting to reconnect to Portal ...
2026-09-14 21:22:36 [..] Attempting to reconnect to Portal ...
2026-09-14 21:22:46 [..] Attempting to reconnect to Portal ...
2026-09-14 21:22:55 [..] Attempting to reconnect to Portal ...
2026-09-14 21:23:04 [..] Attempting to reconnect to Portal ...
2026-09-14 21:23:13 [..] Attempting to reconnect to Portal ...
2026-09-14 21:23:25 [..] Attempting to reconnect to Portal ...
2026-09-14 21:23:35 [..] Attempting to reconnect to Portal ...
2026-09-14 21:23:46 [..] Attempting to reconnect to Portal ...
2026-09-14 21:23:56 [..] Attempting to reconnect to Portal ...
2026-09-14 21:24:04 [..] Attempting to reconnect to Portal ...
2026-09-14 21:24:13 [..] Attempting to reconnect to Portal ...
2026-09-14 21:24:25 [..] Attempting to reconnect to Portal ...
2026-09-14 21:24:32 [..] Attempting to reconnect to Portal ...
2026-09-14 21:24:42 [..] Attempting to reconnect to Portal ...
2026-09-14 21:24:53 [..] Attempting to reconnect to Portal ...
2026-09-14 21:25:03 [..] Attempting to reconnect to Portal ...
2026-09-14 21:25:12 [..] Attempting to reconnect to Portal ...
2026-09-14 21:25:22 [..] Attempting to reconnect to Portal ...
2026-09-14 21:25:31 [..] Attempting to reconnect to Portal ...
2026-09-14 21:25:43 [..] Attempting to reconnect to Portal ...
2026-09-14 21:25:54 [..] Attempting to reconnect to Portal ...
2026-09-14 21:26:04 [..] Attempting to reconnect to Portal ...
2026-09-14 21:26:13 [..] Attempting to reconnect to Portal ...
2026-09-14 21:26:20 [..] Attempting to reconnect to Portal ...
2026-09-14 21:26:32 [..] Attempting to reconnect to Portal ...
2026-09-14 21:26:41 [..] Attempting to reconnect to Portal ...
2026-09-14 21:26:50 [..] Attempting to reconnect to Portal ...
2026-09-14 21:27:03 [..] Attempting to reconnect to Portal ...
2026-09-14 21:27:13 [..] Attempting to reconnect to Portal ...
2026-09-14 21:27:20 [..] Attempting to reconnect to Portal ...
2026-09-14 21:27:31 [..] Attempting to reconnect to Portal ...
2026-09-14 21:27:40 [..] Attempting to reconnect to Portal ...
2026-09-14 21:27:49 [..] Attempting to reconnect to Portal ...
2026-09-14 21:27:58 [..] Attempting to reconnect to Portal ...
2026-09-14 21:28:07 [..] Attempting to reconnect to Portal ...
2026-09-14 21:28:19 [..] Attempting to reconnect to Portal ...
2026-09-14 21:28:31 [..] Attempting to reconnect to Portal ...
2026-09-14 21:28:38 [..] Attempting to reconnect to Portal ...
2026-09-14 21:28:48 [..] Attempting to reconnect to Portal ...
2026-09-14 21:28:56 [..] Attempting to reconnect to Portal ...
2026-09-14 21:29:07 [..] Attempting to reconnect to Portal ...
2026-09-14 21:29:17 [..] Attempting to reconnect to Portal ...
2026-09-14 21:29:26 [..] Attempting to reconnect to Portal ...
2026-09-14 21:29:35 [..] Attempting to reconnect to Portal ...
2026-09-14 21:29:43 [..] Attempting to reconnect to Portal ...
2026-09-14 21:29:51 [..] Attempting to reconnect to Portal ...
2026-09-14 21:30:00 [..] Attempting to reconnect to Portal ...
2026-09-14 21:30:10 [..] Attempting to reconnect to Portal ...
2026-09-14 21:30:21 [..] Attempting to reconnect to Portal ...
2026-09-14 21:30:33 [..] Attempting to reconnect to Portal ...
2026-09-14 21:30:42 [..] Attempting to reconnect to Portal ...
2026-09-14 21:30:52 [..] Attempting to reconnect to Portal ...
2026-09-14 21:31:05 [..] Attempting to reconnect to Portal ...
2026-09-14 21:31:14 [..] Attempting to reconnect to Portal ...
2026-09-14 21:31:24 [..] Attempting to reconnect to Portal ...
2026-09-14 21:31:33 [..] Attempting to reconnect to Portal ...
2026-09-14 21:31:42 [..] Attempting to reconnect to Portal ...
2026-09-14 21:31:53 [..] Attempting to reconnect to Portal ...
2026-09-14 21:32:03 [..] Attempting to reconnect to Portal ...
2026-09-14 21:32:10 [..] Attempting to reconnect to Portal ...
2026-09-14 21:32:22 [..] Attempting to reconnect to Portal ...
2026-09-14 21:32:33 [..] Attempting to reconnect to Portal ...
2026-09-14 21:32:42 [..] Attempting to reconnect to Portal ...
2026-09-14 21:32:49 [..] Attempting to reconnect to Portal ...
2026-09-14 21:33:00 [..] Attempting to reconnect to Portal ...
2026-09-14 21:33:09 [..] Attempting to reconnect to Portal ...
2026-09-14 21:33:19 [..] Attempting to reconnect to Portal ...
2026-09-14 21:33:28 [..] Attempting to reconnect to Portal ...
2026-09-14 21:33:38 [..] Attempting to reconnect to Portal ...
2026-09-14 21:33:46 [..] Attempting to reconnect to Portal ...
2026-09-14 21:33:55 [..] Attempting to reconnect to Portal ...
2026-09-14 21:34:05 [..] Attempting to reconnect to Portal ...
2026-09-14 21:34:15 [..] Attempting to reconnect to Portal ...
2026-09-14 21:34:23 [..] Attempting to reconnect to Portal ...
2026-09-14 21:34:32 [..] Attempting to reconnect to Portal ...
2026-09-14 21:34:43 [..] Attempting to reconnect to Portal ...
2026-09-14 21:34:52 [..] Attempting to reconnect to Portal ...
2026-09-14 21:35:03 [..] Attempting to reconnect to Portal ...
2026-09-14 21:35:11 [..] Attempting to reconnect to Portal ...
2026-09-14 21:35:20 [..] Attempting to reconnect to Portal ...
2026-09-14 21:35:31 [..] Attempting to reconnect to Portal ...
2026-09-14 21:35:43 [..] Attempting to reconnect to Portal ...
2026-09-14 21:35:55 [..] Attempting to reconnect to Portal ...
2026-09-14 21:36:06 [..] Attempting to reconnect to Portal ...
2026-09-14 21:36:15 [..] Attempting to reconnect to Portal ...
2026-09-14 21:36:23 [..] Attempting to reconnect to Portal ...
2026-09-14 21:36:34 [..] Attempting to reconnect to Portal ...
2026-09-14 21:36:44 [..] Attempting to reconnect to Portal ...
2026-09-14 21:36:56 [..] Attempting to reconnect to Portal ...
2026-09-14 21:37:05 [..] Attempting to reconnect to Portal ...
2026-09-14 21:37:16 [..] Attempting to reconnect to Portal ...
2026-09-14 21:37:22 [..] Attempting to reconnect to Portal ...
2026-09-14 21:37:31 [..] Attempting to reconnect to Portal ...
2026-09-14 21:37:41 [..] Attempting to reconnect to Portal ...
2026-09-14 21:37:52 [..] Attempting to reconnect to Portal ...
2026-09-14 21:38:02 [..] Attempting to reconnect to Portal ...
2026-09-14 21:38:11 [..] Attempting to reconnect to Portal ...
2026-09-14 21:38:21 [..] Attempting to reconnect to Portal ...
2026-09-14 21:38:32 [..] Attempting to reconnect to Portal ...
2026-09-14 21:38:41 [..] Attempting to reconnect to Portal ...
2026-09-14 21:38:50 [..] Attempting to reconnect to Portal ...
2026-09-14 21:38:59 [..] Attempting to reconnect to Portal ...
2026-09-14 21:39:08 [..] Attempting to reconnect to Portal ...
2026-09-14 21:39:17 [..] Attempting to reconnect to Portal ...
2026-09-14 21:39:28 [..] Attempting to reconnect to Portal ...
2026-09-14 21:39:38 [..] Attempting to reconnect to Portal ...
2026-09-14 21:39:47 [..] Attempting to reconnect to Portal ...
2026-09-14 21:39:56 [..] Attempting to reconnect to Portal ...
2026-09-14 21:40:06 [..] Attempting to reconnect to Portal ...
2026-09-14 21:40:17 [..] Attempting to reconnect to Portal ...
2026-09-14 21:40:29 [..] Attempting to reconnect to Portal ...
2026-09-14 21:40:40 [..] Attempting to reconnect to Portal ...
2026-09-14 21:40:50 [..] Attempting to reconnect to Portal ...
2026-09-14 21:41:01 [..] Attempting to reconnect to Portal ...
2026-09-14 21:41:11 [..] Attempting to reconnect to Portal ...
2026-09-14 21:41:22 [..] Attempting to reconnect to Portal ...
2026-09-14 21:41:32 [..] Attempting to reconnect to Portal ...
2026-09-14 21:41:40 [..] Attempting to reconnect to Portal ...
2026-09-14 21:41:49 [..] Attempting to reconnect to Portal ...
2026-09-14 21:41:57 [..] Attempting to reconnect to Portal ...
2026-09-14 21:42:07 [..] Attempting to reconnect to Portal ...
2026-09-14 21:42:17 [..] Attempting to reconnect to Portal ...
2026-09-14 21:42:26 [..] Attempting to reconnect to Portal ...
2026-09-14 21:42:37 [..] Attempting to reconnect to Portal ...
2026-09-14 21:42:49 [..] Attempting to reconnect to Portal ...
2026-09-14 21:43:00 [..] Attempting to reconnect to Portal ...
2026-09-14 21:43:09 [..] Attempting to reconnect to Portal ...
2026-09-14 21:43:16 [..] Attempting to reconnect to Portal ...
2026-09-14 21:43:26 [..] Attempting to reconnect to Portal ...
2026-09-14 21:43:39 [..] Attempting to reconnect to Portal ...
2026-09-14 21:43:48 [..] Attempting to reconnect to Portal ...
2026-09-14 21:43:57 [..] Attempting to reconnect to Portal ...
2026-09-14 21:44:04 [..] Attempting to reconnect to Portal ...
2026-09-14 21:44:14 [..] Attempting to reconnect to Portal ...
2026-09-14 21:44:24 [..] Attempting to reconnect to Portal ...
2026-09-14 21:44:35 [..] Attempting to reconnect to Portal ...
2026-09-14 21:44:46 [..] Attempting to reconnect to Portal ...
2026-09-14 21:44:55 [..] Attempting to reconnect to Portal ...
2026-09-14 21:45:04 [..] Attempting to reconnect to Portal ...
2026-09-14 21:45:14 [..] Attempting to reconnect to Portal ...
2026-09-14 21:45:23 [..] Attempting to reconnect to Portal ...
2026-09-14 21:45:34 [..] Attempting to reconnect to Portal ...
2026-09-14 21:45:45 [..] Attempting to reconnect to Portal ...
2026-09-14 21:45:53 [..] Attempting to reconnect to Portal ...
2026-09-14 21:46:04 [..] Attempting to reconnect to Portal ...
2026-09-14 21:46:12 [..] Attempting to reconnect to Portal ...
2026-09-14 21:46:23 [..] Attempting to reconnect to Portal ...
2026-09-14 21:46:33 [..] Attempting to reconnect to Portal ...
2026-09-14 21:46:42 [..] Attempting to reconnect to Portal ...
2026-09-14 21:46:51 [..] Attempting to reconnect to Portal ...
2026-09-14 21:47:00 [..] Attempting to reconnect to Portal ...
2026-09-14 21:47:10 [..] Attempting to reconnect to Portal ...
2026-09-14 21:47:21 [..] Attempting to reconnect to Portal ...
2026-09-14 21:47:32 [..] Attempting to reconnect to Portal ...
2026-09-14 21:47:44 [..] Attempting to reconnect to Portal ...
2026-09-14 21:47:55 [..] Attempting to reconnect to Portal ...
2026-09-14 21:48:05 [..] Attempting to reconnect to Portal ...
2026-09-14 21:48:13 [..] Attempting to reconnect to Portal ...
2026-09-14 21:48:21 [..] Attempting to reconnect to Portal ...
2026-09-14 21:48:32 [..] Attempting to reconnect to Portal ...
2026-09-14 21:48:44 [..] Attempting to reconnect to Portal ...
2026-09-14 21:48:55 [..] Attempting to reconnect to Portal ...
2026-09-14 21:49:03 [..] Attempting to reconnect to Portal ...
2026-09-14 21:49:13 [..] Attempting to reconnect to Portal ...
2026-09-14 21:49:23 [..] Attempting to reconnect to Portal ...
2026-09-14 21:49:33 [..] Attempting to reconnect to Portal ...
2026-09-14 21:49:42 [..] Attempting to reconnect to Portal ...
2026-09-14 21:49:55 [..] Attempting to reconnect to Portal ...
2026-09-14 21:50:08 [..] Attempting to reconnect to Portal ...
2026-09-14 21:50:17 [..] Attempting to reconnect to Portal ...
2026-09-14 21:50:27 [..] Attempting to reconnect to Portal ...
2026-09-14 21:50:39 [..] Attempting to reconnect to Portal ...
2026-09-14 21:50:48 [..] Attempting to reconnect to Portal ...
2026-09-14 21:50:58 [..] Attempting to reconnect to Portal ...
2026-09-14 21:51:07 [..] Attempting to reconnect to Portal ...
2026-09-14 21:51:16 [..] Attempting to reconnect to Portal ...
2026-09-14 21:51:29 [..] Attempting to reconnect to Portal ...
2026-09-14 21:51:40 [..] Attempting to reconnect to Portal ...
2026-09-14 21:51:50 [..] Attempting to reconnect to Portal ...
2026-09-14 21:52:02 [..] Attempting to reconnect to Portal ...
2026-09-14 21:52:13 [..] Attempting to reconnect to Portal ...
2026-09-14 21:52:24 [..] Attempting to reconnect to Portal ...
2026-09-14 21:52:30 [..] Attempting to reconnect to Portal ...
2026-09-14 21:52:38 [..] Attempting to reconnect to Portal ...
2026-09-14 21:52:49 [..] Attempting to reconnect to Portal ...
2026-09-14 21:52:57 [..] Attempting to reconnect to Portal ...
2026-09-14 21:53:08 [..] Attempting to reconnect to Portal ...
2026-09-14 21:53:18 [..] Attempting to reconnect to Portal ...
2026-09-14 21:53:27 [..] Attempting to reconnect to Portal ...
2026-09-14 21:53:37 [..] Attempting to reconnect to Portal ...
2026-09-14 21:53:47 [..] Attempting to reconnect to Portal ...
2026-09-14 21:53:58 [..] Attempting to reconnect to Portal ...
2026-09-14 21:54:07 [..] Attempting to reconnect to Portal ...
2026-09-14 21:54:15 [..] Attempting to reconnect to Portal ...
2026-09-14 21:54:23 [..] Attempting to reconnect to Portal ...
2026-09-14 21:54:33 [..] Attempting to reconnect to Portal ...
2026-09-14 21:54:44 [..] Attempting to reconnect to Portal ...
2026-09-14 21:54:53 [..] Attempting to reconnect to Portal ...
2026-09-14 21:55:04 [..] Attempting to reconnect to Portal ...
2026-09-14 21:55:14 [..] Attempting to reconnect to Portal ...
2026-09-14 21:55:22 [..] Attempting to reconnect to Portal ...
2026-09-14 21:55:32 [..] Attempting to reconnect to Portal ...
2026-09-14 21:55:43 [..] Attempting to reconnect to Portal ...
2026-09-14 21:55:54 [..] Attempting to reconnect to Portal ...
2026-09-14 21:56:05 [..] Attempting to reconnect to Portal ...
2026-09-14 21:56:14 [..] Attempting to reconnect to Portal ...
2026-09-14 21:56:23 [..] Attempting to reconnect to Portal ...
2026-09-14 21:56:33 [..] Attempting to reconnect to Portal ...
2026-09-14 21:56:42 [..] Attempting to reconnect to Portal ...
2026-09-14 21:56:51 [..] Attempting to reconnect to Portal ...
2026-09-14 21:57:03 [..] Attempting to reconnect to Portal ...
2026-09-14 21:57:13 [..] Attempting to reconnect to Portal ...
2026-09-14 21:57:25 [..] Attempting to reconnect to Portal ...
2026-09-14 21:57:33 [..] Attempting to reconnect to Portal ...
2026-09-14 21:57:44 [..] Attempting to reconnect to Portal ...
2026-09-14 21:57:53 [..] Attempting to reconnect to Portal ...
2026-09-14 21:58:04 [..] Attempting to reconnect to Portal ...
2026-09-14 21:58:12 [..] Attempting to reconnect to Portal ...
2026-09-14 21:58:23 [..] Attempting to reconnect to Portal ...
2026-09-14 21:58:33 [..] Attempting to reconnect to Portal ...
2026-09-14 21:58:44 [..] Attempting to reconnect to Portal ...
2026-09-14 21:58:54 [..] Attempting to reconnect to Portal ...
2026-09-14 21:59:04 [..] Attempting to reconnect to Portal ...
2026-09-14 21:59:12 [..] Attempting to reconnect to Portal ...
2026-09-14 21:59:23 [..] Attempting to reconnect to Portal ...
2026-09-14 21:59:34 [..] Attempting to reconnect to Portal ...
2026-09-14 21:59:44 [..] Attempting to reconnect to Portal ...
2026-09-14 21:59:54 [..] Attempting to reconnect to Portal ...
2026-09-14 22:00:05 [..] Attempting to reconnect to Portal ...
2026-09-14 22:00:15 [..] Attempting to reconnect to Portal ...
2026-09-14 22:00:24 [..] Attempting to reconnect to Portal ...
2026-09-14 22:00:34 [..] Attempting to reconnect to Portal ...
2026-09-14 22:00:45 [..] Attempting to reconnect to Portal ...
2026-09-14 22:00:56 [..] Attempting to reconnect to Portal ...
2026-09-14 22:01:05 [..] Attempting to reconnect to Portal ...
2026-09-14 22:01:15 [..] Attempting to reconnect to Portal ...
2026-09-14 22:01:26 [..] Attempting to reconnect to Portal ...
2026-09-14 22:01:36 [..] Attempting to reconnect to Portal ...
2026-09-14 22:01:47 [..] Attempting to reconnect to Portal ...
2026-09-14 22:01:58 [..] Attempting to reconnect to Portal ...
2026-09-14 22:02:07 [..] Attempting to reconnect to Portal ...
2026-09-14 22:02:17 [..] Attempting to reconnect to Portal ...
2026-09-14 22:02:28 [..] Attempting to reconnect to Portal ...
2026-09-14 22:02:37 [..] Attempting to reconnect to Portal ...
2026-09-14 22:02:49 [..] Attempting to reconnect to Portal ...
2026-09-14 22:02:59 [..] Attempting to reconnect to Portal ...
2026-09-14 22:03:08 [..] Attempting to reconnect to Portal ...
2026-09-14 22:03:18 [..] Attempting to reconnect to Portal ...
2026-09-14 22:03:29 [..] Attempting to reconnect to Portal ...
2026-09-14 22:03:38 [..] Attempting to reconnect to Portal ...
2026-09-14 22:03:48 [..] Attempting to reconnect to Portal ...
2026-09-14 22:03:58 [..] Attempting to reconnect to Portal ...
2026-09-14 22:04:07 [..] Attempting to reconnect to Portal ...
2026-09-14 22:04:16 [..] Attempting to reconnect to Portal ...
2026-09-14 22:04:26 [..] Attempting to reconnect to Portal ...
2026-09-14 22:04:37 [..] Attempting to reconnect to Portal ...
2026-09-14 22:04:47 [..] Attempting to reconnect to Portal ...
2026-09-14 22:04:57 [..] Attempting to reconnect to Portal ...
2026-09-14 22:05:08 [..] Attempting to reconnect to Portal ...
2026-09-14 22:05:19 [..] Attempting to reconnect to Portal ...
2026-09-14 22:05:28 [..] Attempting to reconnect to Portal ...
2026-09-14 22:05:37 [..] Attempting to reconnect to Portal ...
2026-09-14 22:05:46 [..] Attempting to reconnect to Portal ...
2026-09-14 22:05:56 [..] Attempting to reconnect to Portal ...
2026-09-14 22:06:06 [..] Attempting to reconnect to Portal ...
2026-09-14 22:06:14 [..] Attempting to reconnect to Portal ...
2026-09-14 22:06:23 [..] Attempting to reconnect to Portal ...
2026-09-14 22:06:33 [..] Attempting to reconnect to Portal ...
2026-09-14 22:06:43 [..] Attempting to reconnect to Portal ...
2026-09-14 22:06:51 [..] Attempting to reconnect to Portal ...
2026-09-14 22:07:03 [..] Attempting to reconnect to Portal ...
2026-09-14 22:07:13 [..] Attempting to reconnect to Portal ...
2026-09-14 22:07:25 [..] Attempting to reconnect to Portal ...
2026-09-14 22:07:32 [..] Attempting to reconnect to Portal ...
2026-09-14 22:07:43 [..] Attempting to reconnect to Portal ...
2026-09-14 22:07:54 [..] Attempting to reconnect to Portal ...
2026-09-14 22:08:03 [..] Attempting to reconnect to Portal ...
2026-09-14 22:08:15 [..] Attempting to reconnect to Portal ...
2026-09-14 22:08:25 [..] Attempting to reconnect to Portal ...
2026-09-14 22:08:35 [..] Attempting to reconnect to Portal ...
2026-09-14 22:08:43 [..] Attempting to reconnect to Portal ...
2026-09-14 22:08:52 [..] Attempting to reconnect to Portal ...
2026-09-14 22:09:02 [..] Attempting to reconnect to Portal ...
2026-09-14 22:09:13 [..] Attempting to reconnect to Portal ...
2026-09-14 22:09:23 [..] Attempting to reconnect to Portal ...
2026-09-14 22:09:33 [..] Attempting to reconnect to Portal ...
2026-09-14 22:09:42 [..] Attempting to reconnect to Portal ...
2026-09-14 22:09:53 [..] Attempting to reconnect to Portal ...
2026-09-14 22:10:05 [..] Attempting to reconnect to Portal ...
2026-09-14 22:10:17 [..] Attempting to reconnect to Portal ...
2026-09-14 22:10:27 [..] Attempting to reconnect to Portal ...
2026-09-14 22:10:36 [..] Attempting to reconnect to Portal ...
2026-09-14 22:10:48 [..] Attempting to reconnect to Portal ...
2026-09-14 22:10:59 [..] Attempting to reconnect to Portal ...
2026-09-14 22:11:11 [..] Attempting to reconnect to Portal ...
2026-09-14 22:11:19 [..] Attempting to reconnect to Portal ...
2026-09-14 22:11:28 [..] Attempting to reconnect to Portal ...
2026-09-14 22:11:40 [..] Attempting to reconnect to Portal ...
2026-09-14 22:11:49 [..] Attempting to reconnect to Portal ...
2026-09-14 22:12:00 [..] Attempting to reconnect to Portal ...
2026-09-14 22:12:12 [..] Attempting to reconnect to Portal ...
2026-09-14 22:12:21 [..] Attempting to reconnect to Portal ...
2026-09-14 22:12:32 [..] Attempting to reconnect to Portal ...
2026-09-14 22:12:43 [..] Attempting to reconnect to Portal ...
2026-09-14 22:12:51 [..] Attempting to reconnect to Portal ...
2026-09-14 22:12:59 [..] Attempting to reconnect to Portal ...
2026-09-14 22:13:10 [..] Attempting to reconnect to Portal ...
2026-09-14 22:13:21 [..] Attempting to reconnect to Portal ...
2026-09-14 22:13:30 [..] Attempting to reconnect to Portal ...
2026-09-14 22:13:40 [..] Attempting to reconnect to Portal ...
2026-09-14 22:13:48 [..] Attempting to reconnect to Portal ...
2026-09-14 22:13:58 [..] Attempting to reconnect to Portal ...
2026-09-14 22:14:08 [..] Attempting to reconnect to Portal ...
2026-09-14 22:14:17 [..] Attempting to reconnect to Portal ...
2026-09-14 22:14:30 [..] Attempting to reconnect to Portal ...
2026-09-14 22:14:39 [..] Attempting to reconnect to Portal ...
2026-09-14 22:14:48 [..] Attempting to reconnect to Portal ...
2026-09-14 22:14:57 [..] Attempting to reconnect to Portal ...
2026-09-14 22:15:07 [..] Attempting to reconnect to Portal ...
2026-09-14 22:15:20 [..] Attempting to reconnect to Portal ...
2026-09-14 22:15:31 [..] Attempting to reconnect to Portal ...
2026-09-14 22:15:42 [..] Attempting to reconnect to Portal ...
2026-09-14 22:15:53 [..] Attempting to reconnect to Portal ...
2026-09-14 22:16:04 [..] Attempting to reconnect to Portal ...
2026-09-14 22:16:14 [..] Attempting to reconnect to Portal ...
2026-09-14 22:16:23 [..] Attempting to reconnect to Portal ...
2026-09-14 22:16:34 [..] Attempting to reconnect to Portal ...
2026-09-14 22:16:43 [..] Attempting to reconnect to Portal ...
2026-09-14 22:16:55 [..] Attempting to reconnect to Portal ...
2026-09-14 22:17:05 [..] Attempting to reconnect to Portal ...
2026-09-14 22:17:13 [..] Attempting to reconnect to Portal ...
2026-09-14 22:17:21 [..] Attempting to reconnect to Portal ...
2026-09-14 22:17:31 [..] Attempting to reconnect to Portal ...
2026-09-14 22:17:41 [..] Attempting to reconnect to Portal ...
2026-09-14 22:17:50 [..] Attempting to reconnect to Portal ...
2026-09-14 22:17:59 [..] Attempting to reconnect to Portal ...
2026-09-14 22:18:09 [..] Attempting to reconnect to Portal ...
2026-09-14 22:18:20 [..] Attempting to reconnect to Portal ...
2026-09-14 22:18:30 [..] Attempting to reconnect to Portal ...
2026-09-14 22:18:40 [..] Attempting to reconnect to Portal ...
2026-09-14 22:18:52 [..] Attempting to reconnect to Portal ...
2026-09-14 22:19:03 [..] Attempting to reconnect to Portal ...
2026-09-14 22:19:13 [..] Attempting to reconnect to Portal ...
2026-09-14 22:19:23 [..] Attempting to reconnect to Portal ...
2026-09-14 22:19:30 [..] Attempting to reconnect to Portal ...
2026-09-14 22:19:41 [..] Attempting to reconnect to Portal ...
2026-09-14 22:19:50 [..] Attempting to reconnect to Portal ...
2026-09-14 22:20:00 [..] Attempting to reconnect to Portal ...
2026-09-14 22:20:10 [..] Attempting to reconnect to Portal ...
2026-09-14 22:20:21 [..] Attempting to reconnect to Portal ...
2026-09-14 22:20:30 [..] Attempting to reconnect to Portal ...
2026-09-14 22:20:41 [..] Attempting to reconnect to Portal ...
2026-09-14 22:20:52 [..] Attempting to reconnect to Portal ...
2026-09-14 22:21:02 [..] Attempting to reconnect to Portal ...
2026-09-14 22:21:11 [..] Attempting to reconnect to Portal ...
2026-09-14 22:21:23 [..] Attempting to reconnect to Portal ...
2026-09-14 22:21:33 [..] Attempting to reconnect to Portal ...
2026-09-14 22:21:41 [..] Attempting to reconnect to Portal ...
2026-09-14 22:21:51 [..] Attempting to reconnect to Portal ...
2026-09-14 22:21:59 [..] Attempting to reconnect to Portal ...
2026-09-14 22:22:08 [..] Attempting to reconnect to Portal ...
2026-09-14 22:22:18 [..] Attempting to reconnect to Portal ...
2026-09-14 22:22:27 [..] Attempting to reconnect to Portal ...
2026-09-14 22:22:35 [..] Attempting to reconnect to Portal ...
2026-09-14 22:22:47 [..] Attempting to reconnect to Portal ...
2026-09-14 22:22:59 [..] Attempting to reconnect to Portal ...
2026-09-14 22:23:09 [..] Attempting to reconnect to Portal ...
2026-09-14 22:23:19 [..] Attempting to reconnect to Portal ...
2026-09-14 22:23:27 [..] Attempting to reconnect to Portal ...
2026-09-14 22:23:36 [..] Attempting to reconnect to Portal ...
2026-09-14 22:23:45 [..] Attempting to reconnect to Portal ...
2026-09-14 22:23:55 [..] Attempting to reconnect to Portal ...
2026-09-14 22:24:04 [..] Attempting to reconnect to Portal ...
2026-09-14 22:24:15 [..] Attempting to reconnect to Portal ...
2026-09-14 22:24:27 [..] Attempting to reconnect to Portal ...
2026-09-14 22:24:38 [..] Attempting to reconnect to Portal ...
2026-09-14 22:24:46 [..] Attempting to reconnect to Portal ...
2026-09-14 22:24:58 [..] Attempting to reconnect to Portal ...
2026-09-14 22:25:07 [..] Attempting to reconnect to Portal ...
2026-09-14 22:25:18 [..] Attempting to reconnect to Portal ...
2026-09-14 22:25:28 [..] Attempting to reconnect to Portal ...
2026-09-14 22:25:38 [..] Attempting to reconnect to Portal ...
2026-09-14 22:25:49 [..] Attempting to reconnect to Portal ...
2026-09-14 22:26:00 [..] Attempting to reconnect to Portal ...
2026-09-14 22:26:10 [..] Attempting to reconnect to Portal ...
2026-09-14 22:26:20 [..] Attempting to reconnect to Portal ...
2026-09-14 22:26:30 [..] Attempting to reconnect to Portal ...
2026-09-14 22:26:41 [..] Attempting to reconnect to Portal ...
2026-09-14 22:26:49 [..] Attempting to reconnect to Portal ...
2026-09-14 22:27:00 [..] Attempting to reconnect to Portal ...
2026-09-14 22:27:11 [..] Attempting to reconnect to Portal ...
2026-09-14 22:27:19 [..] Attempting to reconnect to Portal ...
2026-09-14 22:27:29 [..] Attempting to reconnect to Portal ...
2026-09-14 22:27:38 [..] Attempting to reconnect to Portal ...
2026-09-14 22:27:48 [..] Attempting to reconnect to Portal ...
2026-09-14 22:27:56 [..] Attempting to reconnect to Portal ...
2026-09-14 22:28:06 [..] Attempting to reconnect to Portal ...
2026-09-14 22:28:16 [..] Attempting to reconnect to Portal ...
2026-09-14 22:28:26 [..] Attempting to reconnect to Portal ...
2026-09-14 22:28:36 [..] Attempting to reconnect to Portal ...
2026-09-14 22:28:46 [..] Attempting to reconnect to Portal ...
2026-09-14 22:28:57 [..] Attempting to reconnect to Portal ...
2026-09-14 22:29:06 [..] Attempting to reconnect to Portal ...
2026-09-14 22:29:14 [..] Attempting to reconnect to Portal ...
2026-09-14 22:29:22 [..] Attempting to reconnect to Portal ...
2026-09-14 22:29:31 [..] Attempting to reconnect to Portal ...
2026-09-14 22:29:40 [..] Attempting to reconnect to Portal ...
2026-09-14 22:29:49 [..] Attempting to reconnect to Portal ...
2026-09-14 22:29:59 [..] Attempting to reconnect to Portal ...
2026-09-14 22:30:10 [..] Attempting to reconnect to Portal ...
2026-09-14 22:30:21 [..] Attempting to reconnect to Portal ...
2026-09-14 22:30:33 [..] Attempting to reconnect to Portal ...
2026-09-14 22:30:43 [..] Attempting to reconnect to Portal ...
2026-09-14 22:30:53 [..] Attempting to reconnect to Portal ...
2026-09-14 22:31:02 [..] Attempting to reconnect to Portal ...
2026-09-14 22:31:11 [..] Attempting to reconnect to Portal ...
2026-09-14 22:31:20 [..] Attempting to reconnect to Portal ...
2026-09-14 22:31:33 [..] Attempting to reconnect to Portal ...
2026-09-14 22:31:41 [..] Attempting to reconnect to Portal ...
2026-09-14 22:31:50 [..] Attempting to reconnect to Portal ...
2026-09-14 22:32:01 [..] Attempting to reconnect to Portal ...
2026-09-14 22:32:11 [..] Attempting to reconnect to Portal ...
2026-09-14 22:32:20 [..] Attempting to reconnect to Portal ...
2026-09-14 22:32:31 [..] Attempting to reconnect to Portal ...
2026-09-14 22:32:41 [..] Attempting to reconnect to Portal ...
2026-09-14 22:32:51 [..] Attempting to reconnect to Portal ...
2026-09-14 22:33:00 [..] Attempting to reconnect to Portal ...
2026-09-14 22:33:10 [..] Attempting to reconnect to Portal ...
2026-09-14 22:33:19 [..] Attempting to reconnect to Portal ...
2026-09-14 22:33:29 [..] Attempting to reconnect to Portal ...
2026-09-14 22:33:38 [..] Attempting to reconnect to Portal ...
2026-09-14 22:33:48 [..] Attempting to reconnect to Portal ...
2026-09-14 22:33:59 [..] Attempting to reconnect to Portal ...
2026-09-14 22:34:11 [..] Attempting to reconnect to Portal ...
2026-09-14 22:34:20 [..] Attempting to reconnect to Portal ...
2026-09-14 22:34:29 [..] Attempting to reconnect to Portal ...
2026-09-14 22:34:40 [..] Attempting to reconnect to Portal ...
2026-09-14 22:34:47 [..] Attempting to reconnect to Portal ...
2026-09-14 22:34:58 [..] Attempting to reconnect to Portal ...
2026-09-14 22:35:09 [..] Attempting to reconnect to Portal ...
2026-09-14 22:35:19 [..] Attempting to reconnect to Portal ...
2026-09-14 22:35:29 [..] Attempting to reconnect to Portal ...
2026-09-14 22:35:38 [..] Attempting to reconnect to Portal ...
2026-09-14 22:35:49 [..] Attempting to reconnect to Portal ...
2026-09-14 22:36:00 [..] Attempting to reconnect to Portal ...
2026-09-14 22:36:11 [..] Attempting to reconnect to Portal ...
2026-09-14 22:36:21 [..] Attempting to reconnect to Portal ...
2026-09-14 22:36:32 [..] Attempting to reconnect to Portal ...
2026-09-14 22:36:43 [..] Attempting to reconnect to Portal ...
2026-09-14 22:36:51 [..] Attempting to reconnect to Portal ...
2026-09-14 22:37:04 [..] Attempting to reconnect to Portal ...
2026-09-14 22:37:14 [..] Attempting to reconnect to Portal ...
2026-09-14 22:37:24 [..] Attempting to reconnect to Portal ...
2026-09-14 22:37:35 [..] Attempting to reconnect to Portal ...
2026-09-14 22:37:45 [..] Attempting to reconnect to Portal ...
2026-09-14 22:37:55 [..] Attempting to reconnect to Portal ...
2026-09-14 22:38:07 [..] Attempting to reconnect to Portal ...
2026-09-14 22:38:18 [..] Attempting to reconnect to Portal ...
2026-09-14 22:38:28 [..] Attempting to reconnect to Portal ...
2026-09-14 22:38:38 [..] Attempting to reconnect to Portal ...
2026-09-14 22:38:49 [..] Attempting to reconnect to Portal ...
2026-09-14 22:38:58 [..] Attempting to reconnect to Portal ...
