2026-09-14 20:10:54 [..] Loaded.
2026-09-14 20:10:51 [..] Loading /Users/timbaird/Documents/fcm-umbrella/src/venv/lib/python3.13/site-packages/evennia/server/server.py...
2026-09-14 20:10:54 [..] Loaded.
2026-09-14 20:10:54 [..] twistd 24.11.0 (/Users/timbaird/Documents/fcm-umbrella/src/venv/bin/python3.13 3.13.5) starting up.
2026-09-14 20:10:54 [..] reactor class: twisted.internet.selectreactor.SelectReactor.
2026-09-14 20:10:54 [..] Webserver starting on 4025
2026-09-14 20:10:54 [..] Initial setup: Creating objects (Account #1 and Limbo room) ...
2026-09-14 20:10:54 [SS] Character Created: root (Caller: root(account 1), IP: None).
2026-09-14 20:10:54 [..] Initial setup: Running at_initial_setup() hook.
2026-09-14 20:10:54 [..] Initial setup: Gathering static resources using 'collectstatic'
2026-09-14 20:10:54 [..] 0 static files copied to '/Users/timbaird/Documents/fcm-umbrella/src/shard0/server/.static', 208 unmodified.
2026-09-14 20:10:54 [..] Initial setup complete. Restarting Server once.
2026-09-14 20:10:54 [..] Evennia Server successfully started.
2026-09-14 20:10:55 [..] Server disconnected from the portal.
2026-09-14 20:10:55 [..] Main loop terminated.
2026-09-14 20:10:55 [..] Server Shut Down.
2026-09-14 20:10:58 [..] Loaded.
2026-09-14 20:10:55 [..] Loading /Users/timbaird/Documents/fcm-umbrella/src/venv/lib/python3.13/site-packages/evennia/server/server.py...
2026-09-14 20:10:58 [..] Loaded.
2026-09-14 20:10:58 [..] twistd 24.11.0 (/Users/timbaird/Documents/fcm-umbrella/src/venv/bin/python3.13 3.13.5) starting up.
2026-09-14 20:10:58 [..] reactor class: twisted.internet.selectreactor.SelectReactor.
2026-09-14 20:10:58 [..] Webserver starting on 4025
2026-09-14 20:10:58 [..] Evennia Server successfully restarted in 'reset' mode.
2026-09-14 20:11:05 [..] Server disconnected from the portal.
2026-09-14 20:11:05 [..] Main loop terminated.
2026-09-14 20:11:05 [..] Server Shut Down.
2026-09-14 20:12:32 [..] Loaded.
2026-09-14 20:12:29 [..] Loading /Users/timbaird/Documents/fcm-umbrella/src/venv/lib/python3.13/site-packages/evennia/server/server.py...
2026-09-14 20:12:32 [..] Loaded.
2026-09-14 20:12:32 [..] twistd 24.11.0 (/Users/timbaird/Documents/fcm-umbrella/src/venv/bin/python3.13 3.13.5) starting up.
2026-09-14 20:12:32 [..] reactor class: twisted.internet.selectreactor.SelectReactor.
2026-09-14 20:12:32 [..] Webserver starting on 4025
2026-09-14 20:16:29 [..] Logged in: NutinDuin(account 3) 127.0.0.1 (1 session(s) total)
2026-09-14 20:18:41 [..] Logged out: NutinDuin(account 3) 127.0.0.1 (0 sessions(s) remaining)
2026-09-14 20:24:58 [..] Server disconnected from the portal.
2026-09-14 20:24:59 [..] Attempting to reconnect to Portal ...
2026-09-14 20:25:01 [..] Attempting to reconnect to Portal ...
2026-09-14 20:25:04 [..] Attempting to reconnect to Portal ...
2026-09-14 20:25:10 [..] Attempting to reconnect to Portal ...
2026-09-14 20:25:18 [..] Attempting to reconnect to Portal ...
2026-09-14 20:25:28 [..] Attempting to reconnect to Portal ...
2026-09-14 20:25:38 [..] Attempting to reconnect to Portal ...
2026-09-14 20:25:48 [..] Attempting to reconnect to Portal ...
2026-09-14 20:25:59 [..] Attempting to reconnect to Portal ...
2026-09-14 20:26:09 [..] Attempting to reconnect to Portal ...
2026-09-14 20:26:18 [..] Attempting to reconnect to Portal ...
2026-09-14 20:26:27 [..] Attempting to reconnect to Portal ...
2026-09-14 20:26:39 [..] Attempting to reconnect to Portal ...
2026-09-14 20:26:49 [..] Attempting to reconnect to Portal ...
2026-09-14 20:27:03 [..] Attempting to reconnect to Portal ...
2026-09-14 20:27:13 [..] Attempting to reconnect to Portal ...
2026-09-14 20:27:24 [..] Attempting to reconnect to Portal ...
2026-09-14 20:27:33 [..] Attempting to reconnect to Portal ...
2026-09-14 20:27:43 [..] Attempting to reconnect to Portal ...
2026-09-14 20:27:52 [..] Attempting to reconnect to Portal ...
2026-09-14 20:28:01 [..] Attempting to reconnect to Portal ...
2026-09-14 20:28:13 [..] Attempting to reconnect to Portal ...
2026-09-14 20:28:22 [..] Attempting to reconnect to Portal ...
2026-09-14 20:28:31 [..] Attempting to reconnect to Portal ...
2026-09-14 20:28:43 [..] Attempting to reconnect to Portal ...
2026-09-14 20:28:53 [..] Attempting to reconnect to Portal ...
2026-09-14 20:29:02 [..] Attempting to reconnect to Portal ...
2026-09-14 20:29:13 [..] Attempting to reconnect to Portal ...
2026-09-14 20:29:25 [..] Attempting to reconnect to Portal ...
2026-09-14 20:29:35 [..] Attempting to reconnect to Portal ...
2026-09-14 20:29:43 [..] Attempting to reconnect to Portal ...
2026-09-14 20:29:54 [..] Attempting to reconnect to Portal ...
2026-09-14 20:30:09 [..] Attempting to reconnect to Portal ...
2026-09-14 20:30:19 [..] Attempting to reconnect to Portal ...
2026-09-14 20:30:29 [..] Attempting to reconnect to Portal ...
2026-09-14 20:30:38 [..] Attempting to reconnect to Portal ...
2026-09-14 20:30:47 [..] Attempting to reconnect to Portal ...
2026-09-14 20:30:56 [..] Attempting to reconnect to Portal ...
2026-09-14 20:31:05 [..] Attempting to reconnect to Portal ...
2026-09-14 20:31:14 [..] Attempting to reconnect to Portal ...
2026-09-14 20:31:26 [..] Attempting to reconnect to Portal ...
2026-09-14 20:31:37 [..] Attempting to reconnect to Portal ...
2026-09-14 20:31:48 [..] Attempting to reconnect to Portal ...
2026-09-14 20:31:59 [..] Attempting to reconnect to Portal ...
2026-09-14 20:32:07 [..] Attempting to reconnect to Portal ...
2026-09-14 20:32:18 [..] Attempting to reconnect to Portal ...
2026-09-14 20:32:28 [..] Attempting to reconnect to Portal ...
2026-09-14 20:32:36 [..] Attempting to reconnect to Portal ...
2026-09-14 20:32:47 [..] Attempting to reconnect to Portal ...
2026-09-14 20:32:59 [..] Attempting to reconnect to Portal ...
2026-09-14 20:33:08 [..] Attempting to reconnect to Portal ...
2026-09-14 20:33:19 [..] Attempting to reconnect to Portal ...
2026-09-14 20:33:29 [..] Attempting to reconnect to Portal ...
2026-09-14 20:33:39 [..] Attempting to reconnect to Portal ...
2026-09-14 20:33:50 [..] Attempting to reconnect to Portal ...
2026-09-14 20:33:58 [..] Attempting to reconnect to Portal ...
2026-09-14 20:34:10 [..] Attempting to reconnect to Portal ...
2026-09-14 20:34:24 [..] Attempting to reconnect to Portal ...
2026-09-14 20:34:33 [..] Attempting to reconnect to Portal ...
2026-09-14 20:34:43 [..] Attempting to reconnect to Portal ...
2026-09-14 20:34:57 [..] Attempting to reconnect to Portal ...
2026-09-14 20:35:06 [..] Attempting to reconnect to Portal ...
2026-09-14 20:35:14 [..] Attempting to reconnect to Portal ...
2026-09-14 20:35:24 [..] Attempting to reconnect to Portal ...
2026-09-14 20:35:32 [..] Attempting to reconnect to Portal ...
2026-09-14 20:35:42 [..] Attempting to reconnect to Portal ...
2026-09-14 20:35:52 [..] Attempting to reconnect to Portal ...
2026-09-14 20:36:04 [..] Attempting to reconnect to Portal ...
2026-09-14 20:36:14 [..] Attempting to reconnect to Portal ...
2026-09-14 20:36:25 [..] Attempting to reconnect to Portal ...
2026-09-14 20:36:36 [..] Attempting to reconnect to Portal ...
2026-09-14 20:36:47 [..] Attempting to reconnect to Portal ...
2026-09-14 20:36:57 [..] Attempting to reconnect to Portal ...
2026-09-14 20:37:08 [..] Attempting to reconnect to Portal ...
2026-09-14 20:37:16 [..] Attempting to reconnect to Portal ...
2026-09-14 20:37:28 [..] Attempting to reconnect to Portal ...
2026-09-14 20:37:38 [..] Attempting to reconnect to Portal ...
2026-09-14 20:37:49 [..] Attempting to reconnect to Portal ...
2026-09-14 20:37:59 [..] Attempting to reconnect to Portal ...
2026-09-14 20:38:10 [..] Attempting to reconnect to Portal ...
2026-09-14 20:38:20 [..] Attempting to reconnect to Portal ...
2026-09-14 20:38:29 [..] Attempting to reconnect to Portal ...
2026-09-14 20:38:39 [..] Attempting to reconnect to Portal ...
2026-09-14 20:38:49 [..] Attempting to reconnect to Portal ...
2026-09-14 20:38:59 [..] Attempting to reconnect to Portal ...
2026-09-14 20:39:09 [..] Attempting to reconnect to Portal ...
2026-09-14 20:39:18 [..] Attempting to reconnect to Portal ...
2026-09-14 20:39:29 [..] Attempting to reconnect to Portal ...
2026-09-14 20:39:39 [..] Attempting to reconnect to Portal ...
2026-09-14 20:39:46 [..] Attempting to reconnect to Portal ...
2026-09-14 20:39:55 [..] Attempting to reconnect to Portal ...
2026-09-14 20:40:06 [..] Attempting to reconnect to Portal ...
2026-09-14 20:40:17 [..] Attempting to reconnect to Portal ...
2026-09-14 20:40:26 [..] Attempting to reconnect to Portal ...
2026-09-14 20:40:36 [..] Attempting to reconnect to Portal ...
2026-09-14 20:40:45 [..] Attempting to reconnect to Portal ...
2026-09-14 20:40:53 [..] Attempting to reconnect to Portal ...
2026-09-14 20:41:03 [..] Attempting to reconnect to Portal ...
2026-09-14 20:41:12 [..] Attempting to reconnect to Portal ...
2026-09-14 20:41:22 [..] Attempting to reconnect to Portal ...
2026-09-14 20:41:32 [..] Attempting to reconnect to Portal ...
2026-09-14 20:41:42 [..] Attempting to reconnect to Portal ...
2026-09-14 20:41:51 [..] Attempting to reconnect to Portal ...
2026-09-14 20:42:01 [..] Attempting to reconnect to Portal ...
2026-09-14 20:42:11 [..] Attempting to reconnect to Portal ...
2026-09-14 20:42:23 [..] Attempting to reconnect to Portal ...
2026-09-14 20:42:33 [..] Attempting to reconnect to Portal ...
2026-09-14 20:42:42 [..] Attempting to reconnect to Portal ...
2026-09-14 20:42:52 [..] Attempting to reconnect to Portal ...
2026-09-14 20:43:01 [..] Attempting to reconnect to Portal ...
2026-09-14 20:43:13 [..] Attempting to reconnect to Portal ...
2026-09-14 20:43:22 [..] Attempting to reconnect to Portal ...
2026-09-14 20:43:33 [..] Attempting to reconnect to Portal ...
2026-09-14 20:43:44 [..] Attempting to reconnect to Portal ...
2026-09-14 20:43:55 [..] Attempting to reconnect to Portal ...
2026-09-14 20:44:06 [..] Attempting to reconnect to Portal ...
2026-09-14 20:44:14 [..] Attempting to reconnect to Portal ...
2026-09-14 20:44:24 [..] Attempting to reconnect to Portal ...
2026-09-14 20:44:33 [..] Attempting to reconnect to Portal ...
2026-09-14 20:44:43 [..] Attempting to reconnect to Portal ...
2026-09-14 20:44:52 [..] Attempting to reconnect to Portal ...
2026-09-14 20:45:04 [..] Attempting to reconnect to Portal ...
2026-09-14 20:45:12 [..] Attempting to reconnect to Portal ...
2026-09-14 20:45:20 [..] Attempting to reconnect to Portal ...
2026-09-14 20:45:30 [..] Attempting to reconnect to Portal ...
2026-09-14 20:45:40 [..] Attempting to reconnect to Portal ...
2026-09-14 20:45:49 [..] Attempting to reconnect to Portal ...
2026-09-14 20:45:57 [..] Attempting to reconnect to Portal ...
2026-09-14 20:46:05 [..] Attempting to reconnect to Portal ...
2026-09-14 20:46:16 [..] Attempting to reconnect to Portal ...
2026-09-14 20:46:26 [..] Attempting to reconnect to Portal ...
2026-09-14 20:46:36 [..] Attempting to reconnect to Portal ...
2026-09-14 20:46:47 [..] Attempting to reconnect to Portal ...
2026-09-14 20:46:58 [..] Attempting to reconnect to Portal ...
2026-09-14 20:47:07 [..] Attempting to reconnect to Portal ...
2026-09-14 20:47:17 [..] Attempting to reconnect to Portal ...
2026-09-14 20:47:29 [..] Attempting to reconnect to Portal ...
2026-09-14 20:47:38 [..] Attempting to reconnect to Portal ...
2026-09-14 20:47:49 [..] Attempting to reconnect to Portal ...
2026-09-14 20:48:00 [..] Attempting to reconnect to Portal ...
2026-09-14 20:48:11 [..] Attempting to reconnect to Portal ...
2026-09-14 20:48:21 [..] Attempting to reconnect to Portal ...
2026-09-14 20:48:29 [..] Attempting to reconnect to Portal ...
2026-09-14 20:48:39 [..] Attempting to reconnect to Portal ...
2026-09-14 20:48:47 [..] Attempting to reconnect to Portal ...
2026-09-14 20:48:56 [..] Attempting to reconnect to Portal ...
2026-09-14 20:49:08 [..] Attempting to reconnect to Portal ...
2026-09-14 20:49:16 [..] Attempting to reconnect to Portal ...
2026-09-14 20:49:26 [..] Attempting to reconnect to Portal ...
2026-09-14 20:49:36 [..] Attempting to reconnect to Portal ...
2026-09-14 20:49:44 [..] Attempting to reconnect to Portal ...
2026-09-14 20:49:54 [..] Attempting to reconnect to Portal ...
2026-09-14 20:50:02 [..] Attempting to reconnect to Portal ...
2026-09-14 20:50:12 [..] Attempting to reconnect to Portal ...
2026-09-14 20:50:23 [..] Attempting to reconnect to Portal ...
2026-09-14 20:50:32 [..] Attempting to reconnect to Portal ...
2026-09-14 20:50:42 [..] Attempting to reconnect to Portal ...
2026-09-14 20:50:51 [..] Attempting to reconnect to Portal ...
2026-09-14 20:51:02 [..] Attempting to reconnect to Portal ...
2026-09-14 20:51:12 [..] Attempting to reconnect to Portal ...
2026-09-14 20:51:22 [..] Attempting to reconnect to Portal ...
2026-09-14 20:51:33 [..] Attempting to reconnect to Portal ...
2026-09-14 20:51:42 [..] Attempting to reconnect to Portal ...
2026-09-14 20:51:53 [..] Attempting to reconnect to Portal ...
2026-09-14 20:52:05 [..] Attempting to reconnect to Portal ...
2026-09-14 20:52:15 [..] Attempting to reconnect to Portal ...
2026-09-14 20:52:28 [..] Attempting to reconnect to Portal ...
2026-09-14 20:52:39 [..] Attempting to reconnect to Portal ...
2026-09-14 20:52:46 [..] Attempting to reconnect to Portal ...
2026-09-14 20:52:55 [..] Attempting to reconnect to Portal ...
2026-09-14 20:53:06 [..] Attempting to reconnect to Portal ...
2026-09-14 20:53:16 [..] Attempting to reconnect to Portal ...
2026-09-14 20:53:27 [..] Attempting to reconnect to Portal ...
2026-09-14 20:53:36 [..] Attempting to reconnect to Portal ...
2026-09-14 20:53:47 [..] Attempting to reconnect to Portal ...
2026-09-14 20:53:58 [..] Attempting to reconnect to Portal ...
2026-09-14 20:54:06 [..] Attempting to reconnect to Portal ...
2026-09-14 20:54:17 [..] Attempting to reconnect to Portal ...
2026-09-14 20:54:27 [..] Attempting to reconnect to Portal ...
2026-09-14 20:54:39 [..] Attempting to reconnect to Portal ...
2026-09-14 20:54:48 [..] Attempting to reconnect to Portal ...
2026-09-14 20:55:01 [..] Attempting to reconnect to Portal ...
2026-09-14 20:55:11 [..] Attempting to reconnect to Portal ...
2026-09-14 20:55:21 [..] Attempting to reconnect to Portal ...
2026-09-14 20:55:30 [..] Attempting to reconnect to Portal ...
2026-09-14 20:55:40 [..] Attempting to reconnect to Portal ...
2026-09-14 20:55:49 [..] Attempting to reconnect to Portal ...
2026-09-14 20:56:00 [..] Attempting to reconnect to Portal ...
2026-09-14 20:56:09 [..] Attempting to reconnect to Portal ...
2026-09-14 20:56:20 [..] Attempting to reconnect to Portal ...
2026-09-14 20:56:31 [..] Attempting to reconnect to Portal ...
2026-09-14 20:56:41 [..] Attempting to reconnect to Portal ...
2026-09-14 20:56:51 [..] Attempting to reconnect to Portal ...
2026-09-14 20:57:02 [..] Attempting to reconnect to Portal ...
2026-09-14 20:57:12 [..] Attempting to reconnect to Portal ...
2026-09-14 20:57:22 [..] Attempting to reconnect to Portal ...
2026-09-14 20:57:34 [..] Attempting to reconnect to Portal ...
2026-09-14 20:57:44 [..] Attempting to reconnect to Portal ...
2026-09-14 20:57:54 [..] Attempting to reconnect to Portal ...
2026-09-14 20:58:03 [..] Attempting to reconnect to Portal ...
2026-09-14 20:58:12 [..] Attempting to reconnect to Portal ...
2026-09-14 20:58:23 [..] Attempting to reconnect to Portal ...
2026-09-14 20:58:32 [..] Attempting to reconnect to Portal ...
2026-09-14 20:58:44 [..] Attempting to reconnect to Portal ...
2026-09-14 20:58:54 [..] Attempting to reconnect to Portal ...
2026-09-14 20:59:04 [..] Attempting to reconnect to Portal ...
2026-09-14 20:59:12 [..] Attempting to reconnect to Portal ...
2026-09-14 20:59:21 [..] Attempting to reconnect to Portal ...
2026-09-14 20:59:31 [..] Attempting to reconnect to Portal ...
2026-09-14 20:59:43 [..] Attempting to reconnect to Portal ...
2026-09-14 20:59:51 [..] Attempting to reconnect to Portal ...
2026-09-14 20:59:59 [..] Attempting to reconnect to Portal ...
2026-09-14 21:00:10 [..] Attempting to reconnect to Portal ...
2026-09-14 21:00:18 [..] Attempting to reconnect to Portal ...
2026-09-14 21:00:30 [..] Attempting to reconnect to Portal ...
2026-09-14 21:00:42 [..] Attempting to reconnect to Portal ...
2026-09-14 21:00:53 [..] Attempting to reconnect to Portal ...
2026-09-14 21:01:03 [..] Attempting to reconnect to Portal ...
2026-09-14 21:01:13 [..] Attempting to reconnect to Portal ...
2026-09-14 21:01:22 [..] Attempting to reconnect to Portal ...
2026-09-14 21:01:34 [..] Attempting to reconnect to Portal ...
2026-09-14 21:01:44 [..] Attempting to reconnect to Portal ...
2026-09-14 21:01:52 [..] Attempting to reconnect to Portal ...
2026-09-14 21:02:03 [..] Attempting to reconnect to Portal ...
2026-09-14 21:02:15 [..] Attempting to reconnect to Portal ...
2026-09-14 21:02:24 [..] Attempting to reconnect to Portal ...
2026-09-14 21:02:35 [..] Attempting to reconnect to Portal ...
2026-09-14 21:02:45 [..] Attempting to reconnect to Portal ...
2026-09-14 21:02:55 [..] Attempting to reconnect to Portal ...
2026-09-14 21:03:07 [..] Attempting to reconnect to Portal ...
2026-09-14 21:03:17 [..] Attempting to reconnect to Portal ...
2026-09-14 21:03:26 [..] Attempting to reconnect to Portal ...
2026-09-14 21:03:36 [..] Attempting to reconnect to Portal ...
2026-09-14 21:03:44 [..] Attempting to reconnect to Portal ...
2026-09-14 21:03:56 [..] Attempting to reconnect to Portal ...
2026-09-14 21:04:06 [..] Attempting to reconnect to Portal ...
2026-09-14 21:04:15 [..] Attempting to reconnect to Portal ...
2026-09-14 21:04:26 [..] Attempting to reconnect to Portal ...
2026-09-14 21:04:37 [..] Attempting to reconnect to Portal ...
2026-09-14 21:04:47 [..] Attempting to reconnect to Portal ...
2026-09-14 21:04:57 [..] Attempting to reconnect to Portal ...
2026-09-14 21:05:08 [..] Attempting to reconnect to Portal ...
2026-09-14 21:05:16 [..] Attempting to reconnect to Portal ...
2026-09-14 21:05:27 [..] Attempting to reconnect to Portal ...
2026-09-14 21:05:40 [..] Attempting to reconnect to Portal ...
2026-09-14 21:05:52 [..] Attempting to reconnect to Portal ...
2026-09-14 21:06:01 [..] Attempting to reconnect to Portal ...
2026-09-14 21:06:12 [..] Attempting to reconnect to Portal ...
2026-09-14 21:06:22 [..] Attempting to reconnect to Portal ...
2026-09-14 21:06:32 [..] Attempting to reconnect to Portal ...
2026-09-14 21:06:44 [..] Attempting to reconnect to Portal ...
2026-09-14 21:06:56 [..] Attempting to reconnect to Portal ...
2026-09-14 21:07:04 [..] Attempting to reconnect to Portal ...
2026-09-14 21:07:13 [..] Attempting to reconnect to Portal ...
2026-09-14 21:07:22 [..] Attempting to reconnect to Portal ...
2026-09-14 21:07:32 [..] Attempting to reconnect to Portal ...
2026-09-14 21:07:42 [..] Attempting to reconnect to Portal ...
2026-09-14 21:07:51 [..] Attempting to reconnect to Portal ...
2026-09-14 21:08:03 [..] Attempting to reconnect to Portal ...
2026-09-14 21:08:12 [..] Attempting to reconnect to Portal ...
2026-09-14 21:08:21 [..] Attempting to reconnect to Portal ...
2026-09-14 21:08:29 [..] Attempting to reconnect to Portal ...
2026-09-14 21:08:42 [..] Attempting to reconnect to Portal ...
2026-09-14 21:08:55 [..] Attempting to reconnect to Portal ...
2026-09-14 21:09:06 [..] Attempting to reconnect to Portal ...
2026-09-14 21:09:14 [..] Attempting to reconnect to Portal ...
2026-09-14 21:09:24 [..] Attempting to reconnect to Portal ...
2026-09-14 21:09:32 [..] Attempting to reconnect to Portal ...
2026-09-14 21:09:40 [..] Attempting to reconnect to Portal ...
2026-09-14 21:09:50 [..] Attempting to reconnect to Portal ...
2026-09-14 21:10:02 [..] Attempting to reconnect to Portal ...
2026-09-14 21:10:14 [..] Attempting to reconnect to Portal ...
2026-09-14 21:10:25 [..] Attempting to reconnect to Portal ...
2026-09-14 21:10:36 [..] Attempting to reconnect to Portal ...
2026-09-14 21:10:46 [..] Attempting to reconnect to Portal ...
2026-09-14 21:10:53 [..] Attempting to reconnect to Portal ...
2026-09-14 21:11:02 [..] Attempting to reconnect to Portal ...
2026-09-14 21:11:12 [..] Attempting to reconnect to Portal ...
2026-09-14 21:11:23 [..] Attempting to reconnect to Portal ...
2026-09-14 21:11:33 [..] Attempting to reconnect to Portal ...
2026-09-14 21:11:43 [..] Attempting to reconnect to Portal ...
2026-09-14 21:11:54 [..] Attempting to reconnect to Portal ...
2026-09-14 21:12:04 [..] Attempting to reconnect to Portal ...
2026-09-14 21:12:14 [..] Attempting to reconnect to Portal ...
2026-09-14 21:12:23 [..] Attempting to reconnect to Portal ...
2026-09-14 21:12:32 [..] Attempting to reconnect to Portal ...
2026-09-14 21:12:41 [..] Attempting to reconnect to Portal ...
2026-09-14 21:12:51 [..] Attempting to reconnect to Portal ...
2026-09-14 21:13:01 [..] Attempting to reconnect to Portal ...
2026-09-14 21:13:12 [..] Attempting to reconnect to Portal ...
2026-09-14 21:13:23 [..] Attempting to reconnect to Portal ...
2026-09-14 21:13:31 [..] Attempting to reconnect to Portal ...
2026-09-14 21:13:42 [..] Attempting to reconnect to Portal ...
2026-09-14 21:13:53 [..] Attempting to reconnect to Portal ...
2026-09-14 21:14:03 [..] Attempting to reconnect to Portal ...
2026-09-14 21:14:14 [..] Attempting to reconnect to Portal ...
2026-09-14 21:14:24 [..] Attempting to reconnect to Portal ...
2026-09-14 21:14:32 [..] Attempting to reconnect to Portal ...
2026-09-14 21:14:42 [..] Attempting to reconnect to Portal ...
2026-09-14 21:14:51 [..] Attempting to reconnect to Portal ...
2026-09-14 21:15:01 [..] Attempting to reconnect to Portal ...
2026-09-14 21:15:12 [..] Attempting to reconnect to Portal ...
2026-09-14 21:15:22 [..] Attempting to reconnect to Portal ...
2026-09-14 21:15:33 [..] Attempting to reconnect to Portal ...
2026-09-14 21:15:43 [..] Attempting to reconnect to Portal ...
2026-09-14 21:15:52 [..] Attempting to reconnect to Portal ...
2026-09-14 21:16:02 [..] Attempting to reconnect to Portal ...
2026-09-14 21:16:13 [..] Attempting to reconnect to Portal ...
2026-09-14 21:16:22 [..] Attempting to reconnect to Portal ...
2026-09-14 21:16:31 [..] Attempting to reconnect to Portal ...
2026-09-14 21:16:39 [..] Attempting to reconnect to Portal ...
2026-09-14 21:16:50 [..] Attempting to reconnect to Portal ...
2026-09-14 21:16:59 [..] Attempting to reconnect to Portal ...
2026-09-14 21:17:08 [..] Attempting to reconnect to Portal ...
2026-09-14 21:17:17 [..] Attempting to reconnect to Portal ...
2026-09-14 21:17:27 [..] Attempting to reconnect to Portal ...
2026-09-14 21:17:38 [..] Attempting to reconnect to Portal ...
2026-09-14 21:17:50 [..] Attempting to reconnect to Portal ...
2026-09-14 21:18:01 [..] Attempting to reconnect to Portal ...
2026-09-14 21:18:10 [..] Attempting to reconnect to Portal ...
2026-09-14 21:18:20 [..] Attempting to reconnect to Portal ...
2026-09-14 21:18:30 [..] Attempting to reconnect to Portal ...
2026-09-14 21:18:39 [..] Attempting to reconnect to Portal ...
2026-09-14 21:18:51 [..] Attempting to reconnect to Portal ...
2026-09-14 21:19:02 [..] Attempting to reconnect to Portal ...
2026-09-14 21:19:13 [..] Attempting to reconnect to Portal ...
2026-09-14 21:19:22 [..] Attempting to reconnect to Portal ...
2026-09-14 21:19:33 [..] Attempting to reconnect to Portal ...
2026-09-14 21:19:42 [..] Attempting to reconnect to Portal ...
2026-09-14 21:19:52 [..] Attempting to reconnect to Portal ...
2026-09-14 21:20:00 [..] Attempting to reconnect to Portal ...
2026-09-14 21:20:12 [..] Attempting to reconnect to Portal ...
2026-09-14 21:20:22 [..] Attempting to reconnect to Portal ...
2026-09-14 21:20:33 [..] Attempting to reconnect to Portal ...
2026-09-14 21:20:44 [..] Attempting to reconnect to Portal ...
2026-09-14 21:20:55 [..] Attempting to reconnect to Portal ...
2026-09-14 21:21:03 [..] Attempting to reconnect to Portal ...
2026-09-14 21:21:13 [..] Attempting to reconnect to Portal ...
2026-09-14 21:21:23 [..] Attempting to reconnect to Portal ...
2026-09-14 21:21:35 [..] Attempting to reconnect to Portal ...
2026-09-14 21:21:45 [..] Attempting to reconnect to Portal ...
2026-09-14 21:21:55 [..] Attempting to reconnect to Portal ...
2026-09-14 21:22:03 [..] Attempting to reconnect to Portal ...
2026-09-14 21:22:15 [..] Attempting to reconnect to Portal ...
2026-09-14 21:22:24 [..] Attempting to reconnect to Portal ...
2026-09-14 21:22:34 [..] Attempting to reconnect to Portal ...
2026-09-14 21:22:42 [..] Attempting to reconnect to Portal ...
2026-09-14 21:22:50 [..] Attempting to reconnect to Portal ...
2026-09-14 21:23:01 [..] Attempting to reconnect to Portal ...
2026-09-14 21:23:11 [..] Attempting to reconnect to Portal ...
2026-09-14 21:23:20 [..] Attempting to reconnect to Portal ...
2026-09-14 21:23:31 [..] Attempting to reconnect to Portal ...
2026-09-14 21:23:42 [..] Attempting to reconnect to Portal ...
2026-09-14 21:23:52 [..] Attempting to reconnect to Portal ...
2026-09-14 21:24:02 [..] Attempting to reconnect to Portal ...
2026-09-14 21:24:12 [..] Attempting to reconnect to Portal ...
2026-09-14 21:24:22 [..] Attempting to reconnect to Portal ...
2026-09-14 21:24:30 [..] Attempting to reconnect to Portal ...
2026-09-14 21:24:40 [..] Attempting to reconnect to Portal ...
2026-09-14 21:24:48 [..] Attempting to reconnect to Portal ...
2026-09-14 21:24:58 [..] Attempting to reconnect to Portal ...
2026-09-14 21:25:07 [..] Attempting to reconnect to Portal ...
2026-09-14 21:25:17 [..] Attempting to reconnect to Portal ...
2026-09-14 21:25:28 [..] Attempting to reconnect to Portal ...
2026-09-14 21:25:38 [..] Attempting to reconnect to Portal ...
2026-09-14 21:25:47 [..] Attempting to reconnect to Portal ...
2026-09-14 21:25:55 [..] Attempting to reconnect to Portal ...
2026-09-14 21:26:05 [..] Attempting to reconnect to Portal ...
2026-09-14 21:26:13 [..] Attempting to reconnect to Portal ...
2026-09-14 21:26:23 [..] Attempting to reconnect to Portal ...
2026-09-14 21:26:31 [..] Attempting to reconnect to Portal ...
2026-09-14 21:26:43 [..] Attempting to reconnect to Portal ...
2026-09-14 21:26:52 [..] Attempting to reconnect to Portal ...
2026-09-14 21:27:01 [..] Attempting to reconnect to Portal ...
2026-09-14 21:27:11 [..] Attempting to reconnect to Portal ...
2026-09-14 21:27:21 [..] Attempting to reconnect to Portal ...
2026-09-14 21:27:29 [..] Attempting to reconnect to Portal ...
2026-09-14 21:27:40 [..] Attempting to reconnect to Portal ...
2026-09-14 21:27:51 [..] Attempting to reconnect to Portal ...
2026-09-14 21:28:02 [..] Attempting to reconnect to Portal ...
2026-09-14 21:28:13 [..] Attempting to reconnect to Portal ...
2026-09-14 21:28:25 [..] Attempting to reconnect to Portal ...
2026-09-14 21:28:37 [..] Attempting to reconnect to Portal ...
2026-09-14 21:28:49 [..] Attempting to reconnect to Portal ...
2026-09-14 21:29:00 [..] Attempting to reconnect to Portal ...
2026-09-14 21:29:07 [..] Attempting to reconnect to Portal ...
2026-09-14 21:29:18 [..] Attempting to reconnect to Portal ...
2026-09-14 21:29:28 [..] Attempting to reconnect to Portal ...
2026-09-14 21:29:39 [..] Attempting to reconnect to Portal ...
2026-09-14 21:29:50 [..] Attempting to reconnect to Portal ...
2026-09-14 21:30:00 [..] Attempting to reconnect to Portal ...
2026-09-14 21:30:09 [..] Attempting to reconnect to Portal ...
2026-09-14 21:30:19 [..] Attempting to reconnect to Portal ...
2026-09-14 21:30:31 [..] Attempting to reconnect to Portal ...
2026-09-14 21:30:42 [..] Attempting to reconnect to Portal ...
2026-09-14 21:30:52 [..] Attempting to reconnect to Portal ...
2026-09-14 21:31:01 [..] Attempting to reconnect to Portal ...
2026-09-14 21:31:12 [..] Attempting to reconnect to Portal ...
2026-09-14 21:31:22 [..] Attempting to reconnect to Portal ...
2026-09-14 21:31:33 [..] Attempting to reconnect to Portal ...
2026-09-14 21:31:43 [..] Attempting to reconnect to Portal ...
2026-09-14 21:31:53 [..] Attempting to reconnect to Portal ...
2026-09-14 21:32:02 [..] Attempting to reconnect to Portal ...
2026-09-14 21:32:13 [..] Attempting to reconnect to Portal ...
2026-09-14 21:32:23 [..] Attempting to reconnect to Portal ...
2026-09-14 21:32:36 [..] Attempting to reconnect to Portal ...
2026-09-14 21:32:47 [..] Attempting to reconnect to Portal ...
2026-09-14 21:32:55 [..] Attempting to reconnect to Portal ...
2026-09-14 21:33:04 [..] Attempting to reconnect to Portal ...
2026-09-14 21:33:14 [..] Attempting to reconnect to Portal ...
2026-09-14 21:33:24 [..] Attempting to reconnect to Portal ...
2026-09-14 21:33:35 [..] Attempting to reconnect to Portal ...
2026-09-14 21:33:44 [..] Attempting to reconnect to Portal ...
2026-09-14 21:33:54 [..] Attempting to reconnect to Portal ...
2026-09-14 21:34:05 [..] Attempting to reconnect to Portal ...
2026-09-14 21:34:14 [..] Attempting to reconnect to Portal ...
2026-09-14 21:34:21 [..] Attempting to reconnect to Portal ...
2026-09-14 21:34:31 [..] Attempting to reconnect to Portal ...
2026-09-14 21:34:42 [..] Attempting to reconnect to Portal ...
2026-09-14 21:34:53 [..] Attempting to reconnect to Portal ...
2026-09-14 21:35:02 [..] Attempting to reconnect to Portal ...
2026-09-14 21:35:12 [..] Attempting to reconnect to Portal ...
2026-09-14 21:35:23 [..] Attempting to reconnect to Portal ...
2026-09-14 21:35:34 [..] Attempting to reconnect to Portal ...
2026-09-14 21:35:43 [..] Attempting to reconnect to Portal ...
2026-09-14 21:35:53 [..] Attempting to reconnect to Portal ...
2026-09-14 21:36:03 [..] Attempting to reconnect to Portal ...
2026-09-14 21:36:14 [..] Attempting to reconnect to Portal ...
2026-09-14 21:36:27 [..] Attempting to reconnect to Portal ...
2026-09-14 21:36:35 [..] Attempting to reconnect to Portal ...
2026-09-14 21:36:43 [..] Attempting to reconnect to Portal ...
2026-09-14 21:36:54 [..] Attempting to reconnect to Portal ...
2026-09-14 21:37:05 [..] Attempting to reconnect to Portal ...
2026-09-14 21:37:14 [..] Attempting to reconnect to Portal ...
2026-09-14 21:37:25 [..] Attempting to reconnect to Portal ...
2026-09-14 21:37:34 [..] Attempting to reconnect to Portal ...
2026-09-14 21:37:44 [..] Attempting to reconnect to Portal ...
2026-09-14 21:37:55 [..] Attempting to reconnect to Portal ...
2026-09-14 21:38:04 [..] Attempting to reconnect to Portal ...
2026-09-14 21:38:15 [..] Attempting to reconnect to Portal ...
2026-09-14 21:38:26 [..] Attempting to reconnect to Portal ...
2026-09-14 21:38:35 [..] Attempting to reconnect to Portal ...
2026-09-14 21:38:46 [..] Attempting to reconnect to Portal ...
2026-09-14 21:38:57 [..] Attempting to reconnect to Portal ...
2026-09-14 21:39:06 [..] Attempting to reconnect to Portal ...
2026-09-14 21:39:17 [..] Attempting to reconnect to Portal ...
2026-09-14 21:39:29 [..] Attempting to reconnect to Portal ...
2026-09-14 21:39:39 [..] Attempting to reconnect to Portal ...
2026-09-14 21:39:51 [..] Attempting to reconnect to Portal ...
2026-09-14 21:40:03 [..] Attempting to reconnect to Portal ...
2026-09-14 21:40:12 [..] Attempting to reconnect to Portal ...
2026-09-14 21:40:21 [..] Attempting to reconnect to Portal ...
2026-09-14 21:40:31 [..] Attempting to reconnect to Portal ...
2026-09-14 21:40:42 [..] Attempting to reconnect to Portal ...
2026-09-14 21:40:50 [..] Attempting to reconnect to Portal ...
2026-09-14 21:41:00 [..] Attempting to reconnect to Portal ...
2026-09-14 21:41:10 [..] Attempting to reconnect to Portal ...
2026-09-14 21:41:19 [..] Attempting to reconnect to Portal ...
2026-09-14 21:41:31 [..] Attempting to reconnect to Portal ...
2026-09-14 21:41:40 [..] Attempting to reconnect to Portal ...
2026-09-14 21:41:48 [..] Attempting to reconnect to Portal ...
2026-09-14 21:41:57 [..] Attempting to reconnect to Portal ...
2026-09-14 21:42:08 [..] Attempting to reconnect to Portal ...
2026-09-14 21:42:18 [..] Attempting to reconnect to Portal ...
2026-09-14 21:42:28 [..] Attempting to reconnect to Portal ...
2026-09-14 21:42:39 [..] Attempting to reconnect to Portal ...
2026-09-14 21:42:50 [..] Attempting to reconnect to Portal ...
2026-09-14 21:43:01 [..] Attempting to reconnect to Portal ...
2026-09-14 21:43:13 [..] Attempting to reconnect to Portal ...
2026-09-14 21:43:23 [..] Attempting to reconnect to Portal ...
2026-09-14 21:43:32 [..] Attempting to reconnect to Portal ...
2026-09-14 21:43:43 [..] Attempting to reconnect to Portal ...
2026-09-14 21:43:55 [..] Attempting to reconnect to Portal ...
2026-09-14 21:44:05 [..] Attempting to reconnect to Portal ...
2026-09-14 21:44:14 [..] Attempting to reconnect to Portal ...
2026-09-14 21:44:23 [..] Attempting to reconnect to Portal ...
2026-09-14 21:44:34 [..] Attempting to reconnect to Portal ...
2026-09-14 21:44:42 [..] Attempting to reconnect to Portal ...
2026-09-14 21:44:52 [..] Attempting to reconnect to Portal ...
2026-09-14 21:45:01 [..] Attempting to reconnect to Portal ...
2026-09-14 21:45:11 [..] Attempting to reconnect to Portal ...
2026-09-14 21:45:22 [..] Attempting to reconnect to Portal ...
2026-09-14 21:45:31 [..] Attempting to reconnect to Portal ...
2026-09-14 21:45:41 [..] Attempting to reconnect to Portal ...
2026-09-14 21:45:51 [..] Attempting to reconnect to Portal ...
2026-09-14 21:46:00 [..] Attempting to reconnect to Portal ...
2026-09-14 21:46:09 [..] Attempting to reconnect to Portal ...
2026-09-14 21:46:19 [..] Attempting to reconnect to Portal ...
2026-09-14 21:46:29 [..] Attempting to reconnect to Portal ...
2026-09-14 21:46:37 [..] Attempting to reconnect to Portal ...
2026-09-14 21:46:48 [..] Attempting to reconnect to Portal ...
2026-09-14 21:46:56 [..] Attempting to reconnect to Portal ...
2026-09-14 21:47:07 [..] Attempting to reconnect to Portal ...
2026-09-14 21:47:15 [..] Attempting to reconnect to Portal ...
2026-09-14 21:47:27 [..] Attempting to reconnect to Portal ...
2026-09-14 21:47:39 [..] Attempting to reconnect to Portal ...
2026-09-14 21:47:49 [..] Attempting to reconnect to Portal ...
2026-09-14 21:47:58 [..] Attempting to reconnect to Portal ...
2026-09-14 21:48:07 [..] Attempting to reconnect to Portal ...
2026-09-14 21:48:15 [..] Attempting to reconnect to Portal ...
2026-09-14 21:48:26 [..] Attempting to reconnect to Portal ...
2026-09-14 21:48:36 [..] Attempting to reconnect to Portal ...
2026-09-14 21:48:45 [..] Attempting to reconnect to Portal ...
2026-09-14 21:48:55 [..] Attempting to reconnect to Portal ...
2026-09-14 21:49:04 [..] Attempting to reconnect to Portal ...
2026-09-14 21:49:14 [..] Attempting to reconnect to Portal ...
2026-09-14 21:49:22 [..] Attempting to reconnect to Portal ...
2026-09-14 21:49:32 [..] Attempting to reconnect to Portal ...
2026-09-14 21:49:41 [..] Attempting to reconnect to Portal ...
2026-09-14 21:49:51 [..] Attempting to reconnect to Portal ...
2026-09-14 21:50:01 [..] Attempting to reconnect to Portal ...
2026-09-14 21:50:10 [..] Attempting to reconnect to Portal ...
2026-09-14 21:50:19 [..] Attempting to reconnect to Portal ...
2026-09-14 21:50:28 [..] Attempting to reconnect to Portal ...
2026-09-14 21:50:38 [..] Attempting to reconnect to Portal ...
2026-09-14 21:50:47 [..] Attempting to reconnect to Portal ...
2026-09-14 21:50:53 [..] Attempting to reconnect to Portal ...
2026-09-14 21:51:02 [..] Attempting to reconnect to Portal ...
2026-09-14 21:51:14 [..] Attempting to reconnect to Portal ...
2026-09-14 21:51:24 [..] Attempting to reconnect to Portal ...
2026-09-14 21:51:33 [..] Attempting to reconnect to Portal ...
2026-09-14 21:51:43 [..] Attempting to reconnect to Portal ...
2026-09-14 21:51:52 [..] Attempting to reconnect to Portal ...
2026-09-14 21:52:01 [..] Attempting to reconnect to Portal ...
2026-09-14 21:52:12 [..] Attempting to reconnect to Portal ...
2026-09-14 21:52:24 [..] Attempting to reconnect to Portal ...
2026-09-14 21:52:33 [..] Attempting to reconnect to Portal ...
2026-09-14 21:52:43 [..] Attempting to reconnect to Portal ...
2026-09-14 21:52:52 [..] Attempting to reconnect to Portal ...
2026-09-14 21:53:05 [..] Attempting to reconnect to Portal ...
2026-09-14 21:53:15 [..] Attempting to reconnect to Portal ...
2026-09-14 21:53:26 [..] Attempting to reconnect to Portal ...
2026-09-14 21:53:34 [..] Attempting to reconnect to Portal ...
2026-09-14 21:53:44 [..] Attempting to reconnect to Portal ...
2026-09-14 21:53:54 [..] Attempting to reconnect to Portal ...
2026-09-14 21:54:02 [..] Attempting to reconnect to Portal ...
2026-09-14 21:54:13 [..] Attempting to reconnect to Portal ...
2026-09-14 21:54:23 [..] Attempting to reconnect to Portal ...
2026-09-14 21:54:33 [..] Attempting to reconnect to Portal ...
2026-09-14 21:54:43 [..] Attempting to reconnect to Portal ...
2026-09-14 21:54:53 [..] Attempting to reconnect to Portal ...
2026-09-14 21:55:04 [..] Attempting to reconnect to Portal ...
2026-09-14 21:55:16 [..] Attempting to reconnect to Portal ...
2026-09-14 21:55:25 [..] Attempting to reconnect to Portal ...
2026-09-14 21:55:34 [..] Attempting to reconnect to Portal ...
2026-09-14 21:55:42 [..] Attempting to reconnect to Portal ...
2026-09-14 21:55:52 [..] Attempting to reconnect to Portal ...
2026-09-14 21:56:05 [..] Attempting to reconnect to Portal ...
2026-09-14 21:56:13 [..] Attempting to reconnect to Portal ...
2026-09-14 21:56:23 [..] Attempting to reconnect to Portal ...
2026-09-14 21:56:33 [..] Attempting to reconnect to Portal ...
2026-09-14 21:56:45 [..] Attempting to reconnect to Portal ...
2026-09-14 21:56:55 [..] Attempting to reconnect to Portal ...
2026-09-14 21:57:04 [..] Attempting to reconnect to Portal ...
2026-09-14 21:57:14 [..] Attempting to reconnect to Portal ...
2026-09-14 21:57:23 [..] Attempting to reconnect to Portal ...
2026-09-14 21:57:34 [..] Attempting to reconnect to Portal ...
2026-09-14 21:57:44 [..] Attempting to reconnect to Portal ...
2026-09-14 21:57:53 [..] Attempting to reconnect to Portal ...
2026-09-14 21:58:03 [..] Attempting to reconnect to Portal ...
2026-09-14 21:58:13 [..] Attempting to reconnect to Portal ...
2026-09-14 21:58:22 [..] Attempting to reconnect to Portal ...
2026-09-14 21:58:33 [..] Attempting to reconnect to Portal ...
2026-09-14 21:58:42 [..] Attempting to reconnect to Portal ...
2026-09-14 21:58:51 [..] Attempting to reconnect to Portal ...
2026-09-14 21:59:02 [..] Attempting to reconnect to Portal ...
2026-09-14 21:59:11 [..] Attempting to reconnect to Portal ...
2026-09-14 21:59:21 [..] Attempting to reconnect to Portal ...
2026-09-14 21:59:30 [..] Attempting to reconnect to Portal ...
2026-09-14 21:59:39 [..] Attempting to reconnect to Portal ...
2026-09-14 21:59:49 [..] Attempting to reconnect to Portal ...
2026-09-14 21:59:57 [..] Attempting to reconnect to Portal ...
2026-09-14 22:00:07 [..] Attempting to reconnect to Portal ...
2026-09-14 22:00:18 [..] Attempting to reconnect to Portal ...
2026-09-14 22:00:28 [..] Attempting to reconnect to Portal ...
2026-09-14 22:00:39 [..] Attempting to reconnect to Portal ...
2026-09-14 22:00:49 [..] Attempting to reconnect to Portal ...
2026-09-14 22:00:58 [..] Attempting to reconnect to Portal ...
2026-09-14 22:01:10 [..] Attempting to reconnect to Portal ...
2026-09-14 22:01:20 [..] Attempting to reconnect to Portal ...
2026-09-14 22:01:29 [..] Attempting to reconnect to Portal ...
2026-09-14 22:01:40 [..] Attempting to reconnect to Portal ...
2026-09-14 22:01:49 [..] Attempting to reconnect to Portal ...
2026-09-14 22:01:58 [..] Attempting to reconnect to Portal ...
2026-09-14 22:02:08 [..] Attempting to reconnect to Portal ...
2026-09-14 22:02:18 [..] Attempting to reconnect to Portal ...
2026-09-14 22:02:28 [..] Attempting to reconnect to Portal ...
2026-09-14 22:02:37 [..] Attempting to reconnect to Portal ...
2026-09-14 22:02:48 [..] Attempting to reconnect to Portal ...
2026-09-14 22:02:57 [..] Attempting to reconnect to Portal ...
2026-09-14 22:03:07 [..] Attempting to reconnect to Portal ...
2026-09-14 22:03:18 [..] Attempting to reconnect to Portal ...
2026-09-14 22:03:30 [..] Attempting to reconnect to Portal ...
2026-09-14 22:03:41 [..] Attempting to reconnect to Portal ...
2026-09-14 22:03:53 [..] Attempting to reconnect to Portal ...
2026-09-14 22:04:02 [..] Attempting to reconnect to Portal ...
2026-09-14 22:04:10 [..] Attempting to reconnect to Portal ...
2026-09-14 22:04:19 [..] Attempting to reconnect to Portal ...
2026-09-14 22:04:28 [..] Attempting to reconnect to Portal ...
2026-09-14 22:04:40 [..] Attempting to reconnect to Portal ...
2026-09-14 22:04:49 [..] Attempting to reconnect to Portal ...
2026-09-14 22:05:00 [..] Attempting to reconnect to Portal ...
2026-09-14 22:05:07 [..] Attempting to reconnect to Portal ...
2026-09-14 22:05:18 [..] Attempting to reconnect to Portal ...
2026-09-14 22:05:29 [..] Attempting to reconnect to Portal ...
2026-09-14 22:05:38 [..] Attempting to reconnect to Portal ...
2026-09-14 22:05:47 [..] Attempting to reconnect to Portal ...
2026-09-14 22:05:59 [..] Attempting to reconnect to Portal ...
2026-09-14 22:06:09 [..] Attempting to reconnect to Portal ...
2026-09-14 22:06:19 [..] Attempting to reconnect to Portal ...
2026-09-14 22:06:29 [..] Attempting to reconnect to Portal ...
2026-09-14 22:06:40 [..] Attempting to reconnect to Portal ...
2026-09-14 22:06:50 [..] Attempting to reconnect to Portal ...
2026-09-14 22:07:01 [..] Attempting to reconnect to Portal ...
2026-09-14 22:07:13 [..] Attempting to reconnect to Portal ...
2026-09-14 22:07:22 [..] Attempting to reconnect to Portal ...
2026-09-14 22:07:32 [..] Attempting to reconnect to Portal ...
2026-09-14 22:07:42 [..] Attempting to reconnect to Portal ...
2026-09-14 22:07:51 [..] Attempting to reconnect to Portal ...
2026-09-14 22:08:01 [..] Attempting to reconnect to Portal ...
2026-09-14 22:08:13 [..] Attempting to reconnect to Portal ...
2026-09-14 22:08:25 [..] Attempting to reconnect to Portal ...
2026-09-14 22:08:35 [..] Attempting to reconnect to Portal ...
2026-09-14 22:08:44 [..] Attempting to reconnect to Portal ...
2026-09-14 22:08:54 [..] Attempting to reconnect to Portal ...
2026-09-14 22:09:04 [..] Attempting to reconnect to Portal ...
2026-09-14 22:09:15 [..] Attempting to reconnect to Portal ...
2026-09-14 22:09:24 [..] Attempting to reconnect to Portal ...
2026-09-14 22:09:35 [..] Attempting to reconnect to Portal ...
2026-09-14 22:09:45 [..] Attempting to reconnect to Portal ...
2026-09-14 22:09:54 [..] Attempting to reconnect to Portal ...
2026-09-14 22:10:04 [..] Attempting to reconnect to Portal ...
2026-09-14 22:10:13 [..] Attempting to reconnect to Portal ...
2026-09-14 22:10:23 [..] Attempting to reconnect to Portal ...
2026-09-14 22:10:33 [..] Attempting to reconnect to Portal ...
2026-09-14 22:10:41 [..] Attempting to reconnect to Portal ...
2026-09-14 22:10:49 [..] Attempting to reconnect to Portal ...
2026-09-14 22:11:00 [..] Attempting to reconnect to Portal ...
2026-09-14 22:11:11 [..] Attempting to reconnect to Portal ...
2026-09-14 22:11:20 [..] Attempting to reconnect to Portal ...
2026-09-14 22:11:30 [..] Attempting to reconnect to Portal ...
2026-09-14 22:11:40 [..] Attempting to reconnect to Portal ...
2026-09-14 22:11:51 [..] Attempting to reconnect to Portal ...
2026-09-14 22:12:01 [..] Attempting to reconnect to Portal ...
2026-09-14 22:12:12 [..] Attempting to reconnect to Portal ...
2026-09-14 22:12:22 [..] Attempting to reconnect to Portal ...
2026-09-14 22:12:33 [..] Attempting to reconnect to Portal ...
2026-09-14 22:12:45 [..] Attempting to reconnect to Portal ...
2026-09-14 22:12:55 [..] Attempting to reconnect to Portal ...
2026-09-14 22:13:05 [..] Attempting to reconnect to Portal ...
2026-09-14 22:13:14 [..] Attempting to reconnect to Portal ...
2026-09-14 22:13:22 [..] Attempting to reconnect to Portal ...
2026-09-14 22:13:31 [..] Attempting to reconnect to Portal ...
2026-09-14 22:13:43 [..] Attempting to reconnect to Portal ...
2026-09-14 22:13:53 [..] Attempting to reconnect to Portal ...
2026-09-14 22:14:03 [..] Attempting to reconnect to Portal ...
2026-09-14 22:14:14 [..] Attempting to reconnect to Portal ...
2026-09-14 22:14:25 [..] Attempting to reconnect to Portal ...
2026-09-14 22:14:34 [..] Attempting to reconnect to Portal ...
2026-09-14 22:14:45 [..] Attempting to reconnect to Portal ...
2026-09-14 22:14:53 [..] Attempting to reconnect to Portal ...
2026-09-14 22:15:04 [..] Attempting to reconnect to Portal ...
2026-09-14 22:15:12 [..] Attempting to reconnect to Portal ...
2026-09-14 22:15:23 [..] Attempting to reconnect to Portal ...
2026-09-14 22:15:33 [..] Attempting to reconnect to Portal ...
2026-09-14 22:15:41 [..] Attempting to reconnect to Portal ...
2026-09-14 22:15:51 [..] Attempting to reconnect to Portal ...
2026-09-14 22:16:00 [..] Attempting to reconnect to Portal ...
2026-09-14 22:16:11 [..] Attempting to reconnect to Portal ...
2026-09-14 22:16:20 [..] Attempting to reconnect to Portal ...
2026-09-14 22:16:30 [..] Attempting to reconnect to Portal ...
2026-09-14 22:16:42 [..] Attempting to reconnect to Portal ...
2026-09-14 22:16:53 [..] Attempting to reconnect to Portal ...
2026-09-14 22:17:02 [..] Attempting to reconnect to Portal ...
2026-09-14 22:17:11 [..] Attempting to reconnect to Portal ...
2026-09-14 22:17:21 [..] Attempting to reconnect to Portal ...
2026-09-14 22:17:32 [..] Attempting to reconnect to Portal ...
2026-09-14 22:17:43 [..] Attempting to reconnect to Portal ...
2026-09-14 22:17:54 [..] Attempting to reconnect to Portal ...
2026-09-14 22:18:04 [..] Attempting to reconnect to Portal ...
2026-09-14 22:18:13 [..] Attempting to reconnect to Portal ...
2026-09-14 22:18:22 [..] Attempting to reconnect to Portal ...
2026-09-14 22:18:34 [..] Attempting to reconnect to Portal ...
2026-09-14 22:18:46 [..] Attempting to reconnect to Portal ...
2026-09-14 22:18:55 [..] Attempting to reconnect to Portal ...
2026-09-14 22:19:08 [..] Attempting to reconnect to Portal ...
2026-09-14 22:19:19 [..] Attempting to reconnect to Portal ...
2026-09-14 22:19:28 [..] Attempting to reconnect to Portal ...
2026-09-14 22:19:37 [..] Attempting to reconnect to Portal ...
2026-09-14 22:19:49 [..] Attempting to reconnect to Portal ...
2026-09-14 22:19:58 [..] Attempting to reconnect to Portal ...
2026-09-14 22:20:09 [..] Attempting to reconnect to Portal ...
2026-09-14 22:20:20 [..] Attempting to reconnect to Portal ...
2026-09-14 22:20:29 [..] Attempting to reconnect to Portal ...
2026-09-14 22:20:40 [..] Attempting to reconnect to Portal ...
2026-09-14 22:20:52 [..] Attempting to reconnect to Portal ...
2026-09-14 22:21:02 [..] Attempting to reconnect to Portal ...
2026-09-14 22:21:12 [..] Attempting to reconnect to Portal ...
2026-09-14 22:21:22 [..] Attempting to reconnect to Portal ...
2026-09-14 22:21:33 [..] Attempting to reconnect to Portal ...
2026-09-14 22:21:43 [..] Attempting to reconnect to Portal ...
2026-09-14 22:21:54 [..] Attempting to reconnect to Portal ...
2026-09-14 22:22:04 [..] Attempting to reconnect to Portal ...
2026-09-14 22:22:12 [..] Attempting to reconnect to Portal ...
2026-09-14 22:22:23 [..] Attempting to reconnect to Portal ...
2026-09-14 22:22:34 [..] Attempting to reconnect to Portal ...
2026-09-14 22:22:44 [..] Attempting to reconnect to Portal ...
2026-09-14 22:22:54 [..] Attempting to reconnect to Portal ...
2026-09-14 22:23:03 [..] Attempting to reconnect to Portal ...
2026-09-14 22:23:13 [..] Attempting to reconnect to Portal ...
2026-09-14 22:23:24 [..] Attempting to reconnect to Portal ...
2026-09-14 22:23:32 [..] Attempting to reconnect to Portal ...
2026-09-14 22:23:42 [..] Attempting to reconnect to Portal ...
2026-09-14 22:23:51 [..] Attempting to reconnect to Portal ...
2026-09-14 22:24:02 [..] Attempting to reconnect to Portal ...
2026-09-14 22:24:14 [..] Attempting to reconnect to Portal ...
2026-09-14 22:24:23 [..] Attempting to reconnect to Portal ...
2026-09-14 22:24:32 [..] Attempting to reconnect to Portal ...
2026-09-14 22:24:42 [..] Attempting to reconnect to Portal ...
2026-09-14 22:24:49 [..] Attempting to reconnect to Portal ...
2026-09-14 22:25:01 [..] Attempting to reconnect to Portal ...
2026-09-14 22:25:10 [..] Attempting to reconnect to Portal ...
2026-09-14 22:25:21 [..] Attempting to reconnect to Portal ...
2026-09-14 22:25:29 [..] Attempting to reconnect to Portal ...
2026-09-14 22:25:39 [..] Attempting to reconnect to Portal ...
2026-09-14 22:25:48 [..] Attempting to reconnect to Portal ...
2026-09-14 22:25:57 [..] Attempting to reconnect to Portal ...
2026-09-14 22:26:08 [..] Attempting to reconnect to Portal ...
2026-09-14 22:26:17 [..] Attempting to reconnect to Portal ...
2026-09-14 22:26:28 [..] Attempting to reconnect to Portal ...
2026-09-14 22:26:39 [..] Attempting to reconnect to Portal ...
2026-09-14 22:26:51 [..] Attempting to reconnect to Portal ...
2026-09-14 22:27:03 [..] Attempting to reconnect to Portal ...
2026-09-14 22:27:12 [..] Attempting to reconnect to Portal ...
2026-09-14 22:27:21 [..] Attempting to reconnect to Portal ...
2026-09-14 22:27:31 [..] Attempting to reconnect to Portal ...
2026-09-14 22:27:42 [..] Attempting to reconnect to Portal ...
2026-09-14 22:27:51 [..] Attempting to reconnect to Portal ...
2026-09-14 22:28:02 [..] Attempting to reconnect to Portal ...
2026-09-14 22:28:12 [..] Attempting to reconnect to Portal ...
2026-09-14 22:28:24 [..] Attempting to reconnect to Portal ...
2026-09-14 22:28:35 [..] Attempting to reconnect to Portal ...
2026-09-14 22:28:46 [..] Attempting to reconnect to Portal ...
2026-09-14 22:28:54 [..] Attempting to reconnect to Portal ...
2026-09-14 22:29:04 [..] Attempting to reconnect to Portal ...
2026-09-14 22:29:15 [..] Attempting to reconnect to Portal ...
2026-09-14 22:29:24 [..] Attempting to reconnect to Portal ...
2026-09-14 22:29:35 [..] Attempting to reconnect to Portal ...
2026-09-14 22:29:45 [..] Attempting to reconnect to Portal ...
2026-09-14 22:29:54 [..] Attempting to reconnect to Portal ...
2026-09-14 22:30:03 [..] Attempting to reconnect to Portal ...
2026-09-14 22:30:13 [..] Attempting to reconnect to Portal ...
2026-09-14 22:30:20 [..] Attempting to reconnect to Portal ...
2026-09-14 22:30:29 [..] Attempting to reconnect to Portal ...
2026-09-14 22:30:38 [..] Attempting to reconnect to Portal ...
2026-09-14 22:30:49 [..] Attempting to reconnect to Portal ...
2026-09-14 22:31:00 [..] Attempting to reconnect to Portal ...
2026-09-14 22:31:12 [..] Attempting to reconnect to Portal ...
2026-09-14 22:31:22 [..] Attempting to reconnect to Portal ...
2026-09-14 22:31:30 [..] Attempting to reconnect to Portal ...
2026-09-14 22:31:39 [..] Attempting to reconnect to Portal ...
2026-09-14 22:31:50 [..] Attempting to reconnect to Portal ...
2026-09-14 22:32:00 [..] Attempting to reconnect to Portal ...
2026-09-14 22:32:10 [..] Attempting to reconnect to Portal ...
2026-09-14 22:32:20 [..] Attempting to reconnect to Portal ...
2026-09-14 22:32:31 [..] Attempting to reconnect to Portal ...
2026-09-14 22:32:42 [..] Attempting to reconnect to Portal ...
2026-09-14 22:32:53 [..] Attempting to reconnect to Portal ...
2026-09-14 22:33:02 [..] Attempting to reconnect to Portal ...
2026-09-14 22:33:13 [..] Attempting to reconnect to Portal ...
2026-09-14 22:33:23 [..] Attempting to reconnect to Portal ...
2026-09-14 22:33:33 [..] Attempting to reconnect to Portal ...
2026-09-14 22:33:44 [..] Attempting to reconnect to Portal ...
2026-09-14 22:33:56 [..] Attempting to reconnect to Portal ...
2026-09-14 22:34:07 [..] Attempting to reconnect to Portal ...
2026-09-14 22:34:15 [..] Attempting to reconnect to Portal ...
2026-09-14 22:34:25 [..] Attempting to reconnect to Portal ...
2026-09-14 22:34:37 [..] Attempting to reconnect to Portal ...
2026-09-14 22:34:44 [..] Attempting to reconnect to Portal ...
2026-09-14 22:34:54 [..] Attempting to reconnect to Portal ...
2026-09-14 22:35:03 [..] Attempting to reconnect to Portal ...
2026-09-14 22:35:14 [..] Attempting to reconnect to Portal ...
2026-09-14 22:35:25 [..] Attempting to reconnect to Portal ...
2026-09-14 22:35:36 [..] Attempting to reconnect to Portal ...
2026-09-14 22:35:45 [..] Attempting to reconnect to Portal ...
2026-09-14 22:35:55 [..] Attempting to reconnect to Portal ...
2026-09-14 22:36:04 [..] Attempting to reconnect to Portal ...
2026-09-14 22:36:18 [..] Attempting to reconnect to Portal ...
2026-09-14 22:36:27 [..] Attempting to reconnect to Portal ...
2026-09-14 22:36:38 [..] Attempting to reconnect to Portal ...
2026-09-14 22:36:48 [..] Attempting to reconnect to Portal ...
2026-09-14 22:36:58 [..] Attempting to reconnect to Portal ...
2026-09-14 22:37:06 [..] Attempting to reconnect to Portal ...
2026-09-14 22:37:18 [..] Attempting to reconnect to Portal ...
2026-09-14 22:37:28 [..] Attempting to reconnect to Portal ...
2026-09-14 22:37:37 [..] Attempting to reconnect to Portal ...
2026-09-14 22:37:46 [..] Attempting to reconnect to Portal ...
2026-09-14 22:37:56 [..] Attempting to reconnect to Portal ...
2026-09-14 22:38:06 [..] Attempting to reconnect to Portal ...
2026-09-14 22:38:17 [..] Attempting to reconnect to Portal ...
2026-09-14 22:38:27 [..] Attempting to reconnect to Portal ...
2026-09-14 22:38:38 [..] Attempting to reconnect to Portal ...
2026-09-14 22:38:48 [..] Attempting to reconnect to Portal ...
2026-09-14 22:38:57 [..] Attempting to reconnect to Portal ...
